Oct 20 18:34:06 arlaine kernel: klogd 1.5.1, log source = /proc/kmsg started.
Oct 20 18:34:06 arlaine kernel: Cannot find map file.
Oct 20 18:34:06 arlaine kernel: Loaded 55683 symbols from 1 module.
Oct 20 18:34:06 arlaine kernel: [    0.000000] Linux version 5.13.12 (root@arlaine) (gcc (GCC) 11.2.0, GNU ld (GNU Binutils) 2.37) #2 SMP Thu Oct 20 19:30:50 CEST 2022
Oct 20 18:34:06 arlaine kernel: [    0.000000] Command line: BOOT_IMAGE=/vmlinuz-5.13.12-lfs-11.0 root=/dev/sda7 ro
Oct 20 18:34:06 arlaine kernel: [    0.000000] x86/fpu: Supporting XSAVE feature 0x001: 'x87 floating point registers'
Oct 20 18:34:06 arlaine kernel: [    0.000000] x86/fpu: Supporting XSAVE feature 0x002: 'SSE registers'
Oct 20 18:34:06 arlaine kernel: [    0.000000] x86/fpu: Supporting XSAVE feature 0x004: 'AVX registers'
Oct 20 18:34:06 arlaine kernel: [    0.000000] x86/fpu: xstate_offset[2]:  576, xstate_sizes[2]:  256
Oct 20 18:34:06 arlaine kernel: [    0.000000] x86/fpu: Enabled xstate features 0x7, context size is 832 bytes, using 'standard' format.
Oct 20 18:34:06 arlaine kernel: [    0.000000] BIOS-provided physical RAM map:
Oct 20 18:34:06 arlaine kernel: [    0.000000] BIOS-e820: [mem 0x0000000000000000-0x000000000009fbff] usable
Oct 20 18:34:06 arlaine kernel: [    0.000000] BIOS-e820: [mem 0x000000000009fc00-0x000000000009ffff] reserved
Oct 20 18:34:06 arlaine kernel: [    0.000000] BIOS-e820: [mem 0x00000000000f0000-0x00000000000fffff] reserved
Oct 20 18:34:06 arlaine kernel: [    0.000000] BIOS-e820: [mem 0x0000000000100000-0x00000000dffeffff] usable
Oct 20 18:34:06 arlaine kernel: [    0.000000] BIOS-e820: [mem 0x00000000dfff0000-0x00000000dfffffff] ACPI data
Oct 20 18:34:06 arlaine kernel: [    0.000000] BIOS-e820: [mem 0x00000000fec00000-0x00000000fec00fff] reserved
Oct 20 18:34:06 arlaine kernel: [    0.000000] BIOS-e820: [mem 0x00000000fee00000-0x00000000fee00fff] reserved
Oct 20 18:34:06 arlaine kernel: [    0.000000] BIOS-e820: [mem 0x00000000fffc0000-0x00000000ffffffff] reserved
Oct 20 18:34:06 arlaine kernel: [    0.000000] BIOS-e820: [mem 0x0000000100000000-0x000000011fffffff] usable
Oct 20 18:34:06 arlaine kernel: [    0.000000] NX (Execute Disable) protection: active
Oct 20 18:34:06 arlaine kernel: [    0.000000] SMBIOS 2.5 present.
Oct 20 18:34:06 arlaine kernel: [    0.000000] DMI: innotek GmbH VirtualBox/VirtualBox, BIOS VirtualBox 12/01/2006
Oct 20 18:34:06 arlaine kernel: [    0.000000] tsc: Fast TSC calibration failed
Oct 20 18:34:06 arlaine kernel: [    0.000000] e820: update [mem 0x00000000-0x00000fff] usable ==> reserved
Oct 20 18:34:06 arlaine kernel: [    0.000000] e820: remove [mem 0x000a0000-0x000fffff] usable
Oct 20 18:34:06 arlaine kernel: [    0.000000] last_pfn = 0x120000 max_arch_pfn = 0x400000000
Oct 20 18:34:06 arlaine kernel: [    0.000000] Disabled
Oct 20 18:34:06 arlaine kernel: [    0.000000] x86/PAT: MTRRs disabled, skipping PAT initialization too.
Oct 20 18:34:06 arlaine kernel: [    0.000000] CPU MTRRs all blank - virtualized system.
Oct 20 18:34:06 arlaine kernel: [    0.000000] x86/PAT: Configuration [0-7]: WB  WT  UC- UC  WB  WT  UC- UC  
Oct 20 18:34:06 arlaine kernel: [    0.000000] last_pfn = 0xdfff0 max_arch_pfn = 0x400000000
Oct 20 18:34:06 arlaine kernel: [    0.000000] found SMP MP-table at [mem 0x0009fff0-0x0009ffff]
Oct 20 18:34:06 arlaine kernel: [    0.000000] ACPI: Early table checksum verification disabled
Oct 20 18:34:06 arlaine kernel: [    0.000000] ACPI: RSDP 0x00000000000E0000 000024 (v02 VBOX  )
Oct 20 18:34:06 arlaine kernel: [    0.000000] ACPI: XSDT 0x00000000DFFF0030 00003C (v01 VBOX   VBOXXSDT 00000001 ASL  00000061)
Oct 20 18:34:06 arlaine kernel: [    0.000000] ACPI: FACP 0x00000000DFFF00F0 0000F4 (v04 VBOX   VBOXFACP 00000001 ASL  00000061)
Oct 20 18:34:06 arlaine kernel: [    0.000000] ACPI: DSDT 0x00000000DFFF0620 002353 (v02 VBOX   VBOXBIOS 00000002 INTL 20200528)
Oct 20 18:34:06 arlaine kernel: [    0.000000] ACPI: FACS 0x00000000DFFF0200 000040
Oct 20 18:34:06 arlaine kernel: [    0.000000] ACPI: FACS 0x00000000DFFF0200 000040
Oct 20 18:34:06 arlaine kernel: [    0.000000] ACPI: APIC 0x00000000DFFF0240 00006C (v02 VBOX   VBOXAPIC 00000001 ASL  00000061)
Oct 20 18:34:06 arlaine kernel: [    0.000000] ACPI: SSDT 0x00000000DFFF02B0 00036C (v01 VBOX   VBOXCPUT 00000002 INTL 20200528)
Oct 20 18:34:06 arlaine kernel: [    0.000000] ACPI: Reserving FACP table memory at [mem 0xdfff00f0-0xdfff01e3]
Oct 20 18:34:06 arlaine kernel: [    0.000000] ACPI: Reserving DSDT table memory at [mem 0xdfff0620-0xdfff2972]
Oct 20 18:34:06 arlaine kernel: [    0.000000] ACPI: Reserving FACS table memory at [mem 0xdfff0200-0xdfff023f]
Oct 20 18:34:06 arlaine kernel: [    0.000000] ACPI: Reserving FACS table memory at [mem 0xdfff0200-0xdfff023f]
Oct 20 18:34:06 arlaine kernel: [    0.000000] ACPI: Reserving APIC table memory at [mem 0xdfff0240-0xdfff02ab]
Oct 20 18:34:06 arlaine kernel: [    0.000000] ACPI: Reserving SSDT table memory at [mem 0xdfff02b0-0xdfff061b]
Oct 20 18:34:06 arlaine kernel: [    0.000000] ACPI: Local APIC address 0xfee00000
Oct 20 18:34:06 arlaine kernel: [    0.000000] No NUMA configuration found
Oct 20 18:34:06 arlaine kernel: [    0.000000] Faking a node at [mem 0x0000000000000000-0x000000011fffffff]
Oct 20 18:34:06 arlaine kernel: [    0.000000] NODE_DATA(0) allocated [mem 0x11fff8000-0x11fffbfff]
Oct 20 18:34:06 arlaine kernel: [    0.000000] Zone ranges:
Oct 20 18:34:06 arlaine kernel: [    0.000000]   DMA      [mem 0x0000000000001000-0x0000000000ffffff]
Oct 20 18:34:06 arlaine kernel: [    0.000000]   DMA32    [mem 0x0000000001000000-0x00000000ffffffff]
Oct 20 18:34:06 arlaine kernel: [    0.000000]   Normal   [mem 0x0000000100000000-0x000000011fffffff]
Oct 20 18:34:06 arlaine kernel: [    0.000000] Movable zone start for each node
Oct 20 18:34:06 arlaine kernel: [    0.000000] Early memory node ranges
Oct 20 18:34:06 arlaine kernel: [    0.000000]   node   0: [mem 0x0000000000001000-0x000000000009efff]
Oct 20 18:34:06 arlaine kernel: [    0.000000]   node   0: [mem 0x0000000000100000-0x00000000dffeffff]
Oct 20 18:34:06 arlaine kernel: [    0.000000]   node   0: [mem 0x0000000100000000-0x000000011fffffff]
Oct 20 18:34:06 arlaine kernel: [    0.000000] Initmem setup node 0 [mem 0x0000000000001000-0x000000011fffffff]
Oct 20 18:34:06 arlaine kernel: [    0.000000] On node 0 totalpages: 1048462
Oct 20 18:34:06 arlaine kernel: [    0.000000]   DMA zone: 64 pages used for memmap
Oct 20 18:34:06 arlaine kernel: [    0.000000]   DMA zone: 158 pages reserved
Oct 20 18:34:06 arlaine kernel: [    0.000000]   DMA zone: 3998 pages, LIFO batch:0
Oct 20 18:34:06 arlaine kernel: [    0.000000]   DMA32 zone: 14272 pages used for memmap
Oct 20 18:34:06 arlaine kernel: [    0.000000]   DMA32 zone: 913392 pages, LIFO batch:63
Oct 20 18:34:06 arlaine kernel: [    0.000000]   Normal zone: 2048 pages used for memmap
Oct 20 18:34:06 arlaine kernel: [    0.000000]   Normal zone: 131072 pages, LIFO batch:31
Oct 20 18:34:06 arlaine kernel: [    0.000000] On node 0, zone DMA: 1 pages in unavailable ranges
Oct 20 18:34:06 arlaine kernel: [    0.000000] On node 0, zone DMA: 97 pages in unavailable ranges
Oct 20 18:34:06 arlaine kernel: [    0.000000] On node 0, zone Normal: 16 pages in unavailable ranges
Oct 20 18:34:06 arlaine kernel: [    0.000000] ACPI: PM-Timer IO Port: 0x4008
Oct 20 18:34:06 arlaine kernel: [    0.000000] ACPI: Local APIC address 0xfee00000
Oct 20 18:34:06 arlaine kernel: [    0.000000] IOAPIC[0]: apic_id 4, version 32, address 0xfec00000, GSI 0-23
Oct 20 18:34:06 arlaine kernel: [    0.000000] ACPI: INT_SRC_OVR (bus 0 bus_irq 0 global_irq 2 dfl dfl)
Oct 20 18:34:06 arlaine kernel: [    0.000000] ACPI: INT_SRC_OVR (bus 0 bus_irq 9 global_irq 9 low level)
Oct 20 18:34:06 arlaine kernel: [    0.000000] ACPI: IRQ0 used by override.
Oct 20 18:34:06 arlaine kernel: [    0.000000] ACPI: IRQ9 used by override.
Oct 20 18:34:06 arlaine kernel: [    0.000000] Using ACPI (MADT) for SMP configuration information
Oct 20 18:34:06 arlaine kernel: [    0.000000] smpboot: Allowing 4 CPUs, 0 hotplug CPUs
Oct 20 18:34:06 arlaine kernel: [    0.000000] PM: hibernation: Registered nosave memory: [mem 0x00000000-0x00000fff]
Oct 20 18:34:06 arlaine kernel: [    0.000000] PM: hibernation: Registered nosave memory: [mem 0x0009f000-0x0009ffff]
Oct 20 18:34:06 arlaine kernel: [    0.000000] PM: hibernation: Registered nosave memory: [mem 0x000a0000-0x000effff]
Oct 20 18:34:06 arlaine kernel: [    0.000000] PM: hibernation: Registered nosave memory: [mem 0x000f0000-0x000fffff]
Oct 20 18:34:06 arlaine kernel: [    0.000000] PM: hibernation: Registered nosave memory: [mem 0xdfff0000-0xdfffffff]
Oct 20 18:34:06 arlaine kernel: [    0.000000] PM: hibernation: Registered nosave memory: [mem 0xe0000000-0xfebfffff]
Oct 20 18:34:06 arlaine kernel: [    0.000000] PM: hibernation: Registered nosave memory: [mem 0xfec00000-0xfec00fff]
Oct 20 18:34:06 arlaine kernel: [    0.000000] PM: hibernation: Registered nosave memory: [mem 0xfec01000-0xfedfffff]
Oct 20 18:34:06 arlaine kernel: [    0.000000] PM: hibernation: Registered nosave memory: [mem 0xfee00000-0xfee00fff]
Oct 20 18:34:06 arlaine kernel: [    0.000000] PM: hibernation: Registered nosave memory: [mem 0xfee01000-0xfffbffff]
Oct 20 18:34:06 arlaine kernel: [    0.000000] PM: hibernation: Registered nosave memory: [mem 0xfffc0000-0xffffffff]
Oct 20 18:34:06 arlaine kernel: [    0.000000] [mem 0xe0000000-0xfebfffff] available for PCI devices
Oct 20 18:34:06 arlaine kernel: [    0.000000] clocksource: refined-jiffies: mask: 0xffffffff max_cycles: 0xffffffff, max_idle_ns: 1910969940391419 ns
Oct 20 18:34:06 arlaine kernel: [    0.000000] setup_percpu: NR_CPUS:64 nr_cpumask_bits:64 nr_cpu_ids:4 nr_node_ids:1
Oct 20 18:34:06 arlaine kernel: [    0.000000] percpu: Embedded 52 pages/cpu s174104 r8192 d30696 u524288
Oct 20 18:34:06 arlaine kernel: [    0.000000] pcpu-alloc: s174104 r8192 d30696 u524288 alloc=1*2097152
Oct 20 18:34:06 arlaine kernel: [    0.000000] pcpu-alloc: [0] 0 1 2 3 
Oct 20 18:34:06 arlaine kernel: [    0.000000] Built 1 zonelists, mobility grouping on.  Total pages: 1031920
Oct 20 18:34:06 arlaine kernel: [    0.000000] Policy zone: Normal
Oct 20 18:34:06 arlaine kernel: [    0.000000] Kernel command line: BOOT_IMAGE=/vmlinuz-5.13.12-lfs-11.0 root=/dev/sda7 ro
Oct 20 18:34:06 arlaine kernel: [    0.000000] Dentry cache hash table entries: 524288 (order: 10, 4194304 bytes, linear)
Oct 20 18:34:06 arlaine kernel: [    0.000000] Inode-cache hash table entries: 262144 (order: 9, 2097152 bytes, linear)
Oct 20 18:34:06 arlaine kernel: [    0.000000] mem auto-init: stack:off, heap alloc:off, heap free:off
Oct 20 18:34:06 arlaine kernel: [    0.000000] Memory: 4023268K/4193848K available (14349K kernel code, 2559K rwdata, 3512K rodata, 1368K init, 1560K bss, 170320K reserved, 0K cma-reserved)
Oct 20 18:34:06 arlaine kernel: [    0.000000] SLUB: HWalign=64, Order=0-3, MinObjects=0, CPUs=4, Nodes=1
Oct 20 18:34:06 arlaine kernel: [    0.000000] Kernel/User page tables isolation: enabled
Oct 20 18:34:06 arlaine kernel: [    0.000000] rcu: Hierarchical RCU implementation.
Oct 20 18:34:06 arlaine kernel: [    0.000000] rcu: ^IRCU event tracing is enabled.
Oct 20 18:34:06 arlaine kernel: [    0.000000] rcu: ^IRCU restricting CPUs from NR_CPUS=64 to nr_cpu_ids=4.
Oct 20 18:34:06 arlaine kernel: [    0.000000] rcu: RCU calculated value of scheduler-enlistment delay is 100 jiffies.
Oct 20 18:34:06 arlaine kernel: [    0.000000] rcu: Adjusting geometry for rcu_fanout_leaf=16, nr_cpu_ids=4
Oct 20 18:34:06 arlaine kernel: [    0.000000] NR_IRQS: 4352, nr_irqs: 456, preallocated irqs: 16
Oct 20 18:34:06 arlaine kernel: [    0.000000] random: get_random_bytes called from start_kernel+0x373/0x53e with crng_init=0
Oct 20 18:34:06 arlaine kernel: [    0.000000] Console: colour VGA+ 80x25
Oct 20 18:34:06 arlaine kernel: [    0.000000] printk: console [tty0] enabled
Oct 20 18:34:06 arlaine kernel: [    0.000000] ACPI: Core revision 20210331
Oct 20 18:34:06 arlaine kernel: [    0.000000] APIC: Switch to symmetric I/O mode setup
Oct 20 18:34:06 arlaine kernel: [    0.000000] ..TIMER: vector=0x30 apic1=0 pin1=2 apic2=-1 pin2=-1
Oct 20 18:34:06 arlaine kernel: [    0.009000] tsc: Unable to calibrate against PIT
Oct 20 18:34:06 arlaine kernel: [    0.010000] tsc: using PMTIMER reference calibration
Oct 20 18:34:06 arlaine kernel: [    0.011000] tsc: Detected 2929.615 MHz processor
Oct 20 18:34:06 arlaine kernel: [    0.000003] clocksource: tsc-early: mask: 0xffffffffffffffff max_cycles: 0x2a3a8b09cfb, max_idle_ns: 440795225500 ns
Oct 20 18:34:06 arlaine kernel: [    0.002005] Calibrating delay loop (skipped), value calculated using timer frequency.. 5859.23 BogoMIPS (lpj=2929615)
Oct 20 18:34:06 arlaine kernel: [    0.003005] pid_max: default: 32768 minimum: 301
Oct 20 18:34:06 arlaine kernel: [    0.004017] LSM: Security Framework initializing
Oct 20 18:34:06 arlaine kernel: [    0.006013] SELinux:  Initializing.
Oct 20 18:34:06 arlaine kernel: [    0.007030] Mount-cache hash table entries: 8192 (order: 4, 65536 bytes, linear)
Oct 20 18:34:06 arlaine kernel: [    0.008011] Mountpoint-cache hash table entries: 8192 (order: 4, 65536 bytes, linear)
Oct 20 18:34:06 arlaine kernel: [    0.010266] Last level iTLB entries: 4KB 64, 2MB 8, 4MB 8
Oct 20 18:34:06 arlaine kernel: [    0.011005] Last level dTLB entries: 4KB 64, 2MB 0, 4MB 0, 1GB 4
Oct 20 18:34:06 arlaine kernel: [    0.012020] Spectre V1 : Mitigation: usercopy/swapgs barriers and __user pointer sanitization
Oct 20 18:34:06 arlaine kernel: [    0.013005] Spectre V2 : Mitigation: Full generic retpoline
Oct 20 18:34:06 arlaine kernel: [    0.014005] Spectre V2 : Spectre v2 / SpectreRSB mitigation: Filling RSB on context switch
Oct 20 18:34:06 arlaine kernel: [    0.015005] Speculative Store Bypass: Vulnerable
Oct 20 18:34:06 arlaine kernel: [    0.016018] SRBDS: Unknown: Dependent on hypervisor status
Oct 20 18:34:06 arlaine kernel: [    0.017005] MDS: Mitigation: Clear CPU buffers
Oct 20 18:34:06 arlaine kernel: [    0.020004] Freeing SMP alternatives memory: 40K
Oct 20 18:34:06 arlaine kernel: [    0.124196] smpboot: CPU0: Intel(R) Core(TM) i9-8950HK CPU @ 2.90GHz (family: 0x6, model: 0x9e, stepping: 0xa)
Oct 20 18:34:06 arlaine kernel: [    0.125072] Performance Events: unsupported p6 CPU model 158 no PMU driver, software events only.
Oct 20 18:34:06 arlaine kernel: [    0.127020] rcu: Hierarchical SRCU implementation.
Oct 20 18:34:06 arlaine kernel: [    0.128170] smp: Bringing up secondary CPUs ...
Oct 20 18:34:06 arlaine kernel: [    0.129050] x86: Booting SMP configuration:
Oct 20 18:34:06 arlaine kernel: [    0.130006] .... node  #0, CPUs:      #1 #2 #3
Oct 20 18:34:06 arlaine kernel: [    0.143220] smp: Brought up 1 node, 4 CPUs
Oct 20 18:34:06 arlaine kernel: [    0.145004] smpboot: Max logical packages: 1
Oct 20 18:34:06 arlaine kernel: [    0.145005] smpboot: Total of 4 processors activated (23436.92 BogoMIPS)
Oct 20 18:34:06 arlaine kernel: [    0.146257] devtmpfs: initialized
Oct 20 18:34:06 arlaine kernel: [    0.147094] clocksource: jiffies: mask: 0xffffffff max_cycles: 0xffffffff, max_idle_ns: 1911260446275000 ns
Oct 20 18:34:06 arlaine kernel: [    0.148004] futex hash table entries: 1024 (order: 4, 65536 bytes, linear)
Oct 20 18:34:06 arlaine kernel: [    0.149005] PM: RTC time: 18:34:02, date: 2022-10-20
Oct 20 18:34:06 arlaine kernel: [    0.150226] NET: Registered protocol family 16
Oct 20 18:34:06 arlaine kernel: [    0.151004] audit: initializing netlink subsys (disabled)
Oct 20 18:34:06 arlaine kernel: [    0.151198] audit: type=2000 audit(1666290841.162:1): state=initialized audit_enabled=0 res=1
Oct 20 18:34:06 arlaine kernel: [    0.151412] thermal_sys: Registered thermal governor 'step_wise'
Oct 20 18:34:06 arlaine kernel: [    0.152006] thermal_sys: Registered thermal governor 'user_space'
Oct 20 18:34:06 arlaine kernel: [    0.154012] cpuidle: using governor menu
Oct 20 18:34:06 arlaine kernel: [    0.155033] ACPI: bus type PCI registered
Oct 20 18:34:06 arlaine kernel: [    0.156224] PCI: Using configuration type 1 for base access
Oct 20 18:34:06 arlaine kernel: [    0.157597] Kprobes globally optimized
Oct 20 18:34:06 arlaine kernel: [    0.158505] HugeTLB registered 2.00 MiB page size, pre-allocated 0 pages
Oct 20 18:34:06 arlaine kernel: [    0.159110] cryptomgr_test (36) used greatest stack depth: 15232 bytes left
Oct 20 18:34:06 arlaine kernel: [    0.168101] ACPI: Added _OSI(Module Device)
Oct 20 18:34:06 arlaine kernel: [    0.168946] ACPI: Added _OSI(Processor Device)
Oct 20 18:34:06 arlaine kernel: [    0.169004] ACPI: Added _OSI(3.0 _SCP Extensions)
Oct 20 18:34:06 arlaine kernel: [    0.169057] ACPI: Added _OSI(Processor Aggregator Device)
Oct 20 18:34:06 arlaine kernel: [    0.170006] ACPI: Added _OSI(Linux-Dell-Video)
Oct 20 18:34:06 arlaine kernel: [    0.170893] ACPI: Added _OSI(Linux-Lenovo-NV-HDMI-Audio)
Oct 20 18:34:06 arlaine kernel: [    0.171006] ACPI: Added _OSI(Linux-HPI-Hybrid-Graphics)
Oct 20 18:34:06 arlaine kernel: [    0.172310] ACPI: 2 ACPI AML tables successfully acquired and loaded
Oct 20 18:34:06 arlaine kernel: [    0.174004] ACPI: Interpreter enabled
Oct 20 18:34:06 arlaine kernel: [    0.174004] ACPI: (supports S0 S5)
Oct 20 18:34:06 arlaine kernel: [    0.174005] ACPI: Using IOAPIC for interrupt routing
Oct 20 18:34:06 arlaine kernel: [    0.175004] PCI: Using host bridge windows from ACPI; if necessary, use "pci=nocrs" and report a bug
Oct 20 18:34:06 arlaine kernel: [    0.175126] ACPI: Enabled 2 GPEs in block 00 to 07
Oct 20 18:34:06 arlaine kernel: [    0.179004] ACPI: PCI Root Bridge [PCI0] (domain 0000 [bus 00-ff])
Oct 20 18:34:06 arlaine kernel: [    0.179008] acpi PNP0A03:00: _OSC: OS supports [ASPM ClockPM Segments MSI HPX-Type3]
Oct 20 18:34:06 arlaine kernel: [    0.181130] acpi PNP0A03:00: _OSC: not requesting OS control; OS requires [ExtendedConfig ASPM ClockPM MSI]
Oct 20 18:34:06 arlaine kernel: [    0.182012] acpi PNP0A03:00: fail to add MMCONFIG information, can't access extended PCI configuration space under this bridge.
Oct 20 18:34:06 arlaine kernel: [    0.184041] PCI host bridge to bus 0000:00
Oct 20 18:34:06 arlaine kernel: [    0.185007] pci_bus 0000:00: root bus resource [io  0x0000-0x0cf7 window]
Oct 20 18:34:06 arlaine kernel: [    0.186006] pci_bus 0000:00: root bus resource [io  0x0d00-0xffff window]
Oct 20 18:34:06 arlaine kernel: [    0.187010] pci_bus 0000:00: root bus resource [mem 0x000a0000-0x000bffff window]
Oct 20 18:34:06 arlaine kernel: [    0.188008] pci_bus 0000:00: root bus resource [mem 0xe0000000-0xfdffffff window]
Oct 20 18:34:06 arlaine kernel: [    0.189010] pci_bus 0000:00: root bus resource [bus 00-ff]
Oct 20 18:34:06 arlaine kernel: [    0.190419] pci 0000:00:00.0: [8086:1237] type 00 class 0x060000
Oct 20 18:34:06 arlaine kernel: [    0.192103] pci 0000:00:01.0: [8086:7000] type 00 class 0x060100
Oct 20 18:34:06 arlaine kernel: [    0.194367] pci 0000:00:01.1: [8086:7111] type 00 class 0x01018a
Oct 20 18:34:06 arlaine kernel: [    0.196270] pci 0000:00:01.1: reg 0x20: [io  0xd000-0xd00f]
Oct 20 18:34:06 arlaine kernel: [    0.197004] pci 0000:00:01.1: legacy IDE quirk: reg 0x10: [io  0x01f0-0x01f7]
Oct 20 18:34:06 arlaine kernel: [    0.198006] pci 0000:00:01.1: legacy IDE quirk: reg 0x14: [io  0x03f6]
Oct 20 18:34:06 arlaine kernel: [    0.199006] pci 0000:00:01.1: legacy IDE quirk: reg 0x18: [io  0x0170-0x0177]
Oct 20 18:34:06 arlaine kernel: [    0.200011] pci 0000:00:01.1: legacy IDE quirk: reg 0x1c: [io  0x0376]
Oct 20 18:34:06 arlaine kernel: [    0.203030] pci 0000:00:02.0: [15ad:0405] type 00 class 0x030000
Oct 20 18:34:06 arlaine kernel: [    0.208009] pci 0000:00:02.0: reg 0x10: [io  0xd010-0xd01f]
Oct 20 18:34:06 arlaine kernel: [    0.211007] pci 0000:00:02.0: reg 0x14: [mem 0xe0000000-0xe0ffffff pref]
Oct 20 18:34:06 arlaine kernel: [    0.215023] pci 0000:00:02.0: reg 0x18: [mem 0xf0000000-0xf01fffff]
Oct 20 18:34:06 arlaine kernel: [    0.231348] pci 0000:00:03.0: [8086:100e] type 00 class 0x020000
Oct 20 18:34:06 arlaine kernel: [    0.234409] pci 0000:00:03.0: reg 0x10: [mem 0xf0200000-0xf021ffff]
Oct 20 18:34:06 arlaine kernel: [    0.241063] pci 0000:00:03.0: reg 0x18: [io  0xd020-0xd027]
Oct 20 18:34:06 arlaine kernel: [    0.247258] pci 0000:00:04.0: [80ee:cafe] type 00 class 0x088000
Oct 20 18:34:06 arlaine kernel: [    0.251006] pci 0000:00:04.0: reg 0x10: [io  0xd040-0xd05f]
Oct 20 18:34:06 arlaine kernel: [    0.254204] pci 0000:00:04.0: reg 0x14: [mem 0xf0400000-0xf07fffff]
Oct 20 18:34:06 arlaine kernel: [    0.256004] pci 0000:00:04.0: reg 0x18: [mem 0xf0800000-0xf0803fff pref]
Oct 20 18:34:06 arlaine kernel: [    0.264236] pci 0000:00:05.0: [8086:2415] type 00 class 0x040100
Oct 20 18:34:06 arlaine kernel: [    0.266177] pci 0000:00:05.0: reg 0x10: [io  0xd100-0xd1ff]
Oct 20 18:34:06 arlaine kernel: [    0.267173] pci 0000:00:05.0: reg 0x14: [io  0xd200-0xd23f]
Oct 20 18:34:06 arlaine kernel: [    0.271269] pci 0000:00:06.0: [106b:003f] type 00 class 0x0c0310
Oct 20 18:34:06 arlaine kernel: [    0.274006] pci 0000:00:06.0: reg 0x10: [mem 0xf0804000-0xf0804fff]
Oct 20 18:34:06 arlaine kernel: [    0.287214] pci 0000:00:07.0: [8086:7113] type 00 class 0x068000
Oct 20 18:34:06 arlaine kernel: [    0.296163] pci 0000:00:07.0: quirk: [io  0x4000-0x403f] claimed by PIIX4 ACPI
Oct 20 18:34:06 arlaine kernel: [    0.298006] pci 0000:00:07.0: quirk: [io  0x4100-0x410f] claimed by PIIX4 SMB
Oct 20 18:34:06 arlaine kernel: [    0.303006] pci 0000:00:0d.0: [8086:2829] type 00 class 0x010601
Oct 20 18:34:06 arlaine kernel: [    0.306037] pci 0000:00:0d.0: reg 0x10: [io  0xd240-0xd247]
Oct 20 18:34:06 arlaine kernel: [    0.310006] pci 0000:00:0d.0: reg 0x14: [io  0xd248-0xd24b]
Oct 20 18:34:06 arlaine kernel: [    0.312657] pci 0000:00:0d.0: reg 0x18: [io  0xd250-0xd257]
Oct 20 18:34:06 arlaine kernel: [    0.314716] pci 0000:00:0d.0: reg 0x1c: [io  0xd258-0xd25b]
Oct 20 18:34:06 arlaine kernel: [    0.316603] pci 0000:00:0d.0: reg 0x20: [io  0xd260-0xd26f]
Oct 20 18:34:06 arlaine kernel: [    0.319149] pci 0000:00:0d.0: reg 0x24: [mem 0xf0806000-0xf0807fff]
Oct 20 18:34:06 arlaine kernel: [    0.324134] ACPI: PCI: Interrupt link LNKA configured for IRQ 11
Oct 20 18:34:06 arlaine kernel: [    0.325004] ACPI: PCI: Interrupt link LNKB configured for IRQ 10
Oct 20 18:34:06 arlaine kernel: [    0.325140] ACPI: PCI: Interrupt link LNKC configured for IRQ 9
Oct 20 18:34:06 arlaine kernel: [    0.326111] ACPI: PCI: Interrupt link LNKD configured for IRQ 11
Oct 20 18:34:06 arlaine kernel: [    0.327004] iommu: Default domain type: Translated 
Oct 20 18:34:06 arlaine kernel: [    0.328110] pci 0000:00:02.0: vgaarb: setting as boot VGA device
Oct 20 18:34:06 arlaine kernel: [    0.329004] pci 0000:00:02.0: vgaarb: VGA device added: decodes=io+mem,owns=io+mem,locks=none
Oct 20 18:34:06 arlaine kernel: [    0.329009] pci 0000:00:02.0: vgaarb: bridge control possible
Oct 20 18:34:06 arlaine kernel: [    0.330006] vgaarb: loaded
Oct 20 18:34:06 arlaine kernel: [    0.331062] SCSI subsystem initialized
Oct 20 18:34:06 arlaine kernel: [    0.333161] libata version 3.00 loaded.
Oct 20 18:34:06 arlaine kernel: [    0.333194] ACPI: bus type USB registered
Oct 20 18:34:06 arlaine kernel: [    0.334022] usbcore: registered new interface driver usbfs
Oct 20 18:34:06 arlaine kernel: [    0.335032] usbcore: registered new interface driver hub
Oct 20 18:34:06 arlaine kernel: [    0.336014] usbcore: registered new device driver usb
Oct 20 18:34:06 arlaine kernel: [    0.337019] pps_core: LinuxPPS API ver. 1 registered
Oct 20 18:34:06 arlaine kernel: [    0.339019] pps_core: Software ver. 5.3.6 - Copyright 2005-2007 Rodolfo Giometti <giometti@linux.it>
Oct 20 18:34:06 arlaine kernel: [    0.340012] PTP clock support registered
Oct 20 18:34:06 arlaine kernel: [    0.342282] Advanced Linux Sound Architecture Driver Initialized.
Oct 20 18:34:06 arlaine kernel: [    0.343090] NetLabel: Initializing
Oct 20 18:34:06 arlaine kernel: [    0.343857] NetLabel:  domain hash size = 128
Oct 20 18:34:06 arlaine kernel: [    0.344005] NetLabel:  protocols = UNLABELED CIPSOv4 CALIPSO
Oct 20 18:34:06 arlaine kernel: [    0.345004] NetLabel:  unlabeled traffic allowed by default
Oct 20 18:34:06 arlaine kernel: [    0.345094] PCI: Using ACPI for IRQ routing
Oct 20 18:34:06 arlaine kernel: [    0.346007] PCI: pci_cache_line_size set to 64 bytes
Oct 20 18:34:06 arlaine kernel: [    0.346542] e820: reserve RAM buffer [mem 0x0009fc00-0x0009ffff]
Oct 20 18:34:06 arlaine kernel: [    0.346545] e820: reserve RAM buffer [mem 0xdfff0000-0xdfffffff]
Oct 20 18:34:06 arlaine kernel: [    0.347028] clocksource: Switched to clocksource tsc-early
Oct 20 18:34:06 arlaine kernel: [    0.436852] VFS: Disk quotas dquot_6.6.0
Oct 20 18:34:06 arlaine kernel: [    0.438215] VFS: Dquot-cache hash table entries: 512 (order 0, 4096 bytes)
Oct 20 18:34:06 arlaine kernel: [    0.439643] pnp: PnP ACPI init
Oct 20 18:34:06 arlaine kernel: [    0.440971] pnp 00:00: Plug and Play ACPI device, IDs PNP0303 (active)
Oct 20 18:34:06 arlaine kernel: [    0.441087] pnp 00:01: Plug and Play ACPI device, IDs PNP0f03 (active)
Oct 20 18:34:06 arlaine kernel: [    0.443386] pnp: PnP ACPI: found 2 devices
Oct 20 18:34:06 arlaine kernel: [    0.464427] clocksource: acpi_pm: mask: 0xffffff max_cycles: 0xffffff, max_idle_ns: 2085701024 ns
Oct 20 18:34:06 arlaine kernel: [    0.466714] NET: Registered protocol family 2
Oct 20 18:34:06 arlaine kernel: [    0.467646] IP idents hash table entries: 65536 (order: 7, 524288 bytes, linear)
Oct 20 18:34:06 arlaine kernel: [    0.469981] tcp_listen_portaddr_hash hash table entries: 2048 (order: 3, 32768 bytes, linear)
Oct 20 18:34:06 arlaine kernel: [    0.472271] TCP established hash table entries: 32768 (order: 6, 262144 bytes, linear)
Oct 20 18:34:06 arlaine kernel: [    0.474630] TCP bind hash table entries: 32768 (order: 7, 524288 bytes, linear)
Oct 20 18:34:06 arlaine kernel: [    0.477434] TCP: Hash tables configured (established 32768 bind 32768)
Oct 20 18:34:06 arlaine kernel: [    0.479466] UDP hash table entries: 2048 (order: 4, 65536 bytes, linear)
Oct 20 18:34:06 arlaine kernel: [    0.480941] UDP-Lite hash table entries: 2048 (order: 4, 65536 bytes, linear)
Oct 20 18:34:06 arlaine kernel: [    0.484745] NET: Registered protocol family 1
Oct 20 18:34:06 arlaine kernel: [    0.488222] RPC: Registered named UNIX socket transport module.
Oct 20 18:34:06 arlaine kernel: [    0.489395] RPC: Registered udp transport module.
Oct 20 18:34:06 arlaine kernel: [    0.490316] RPC: Registered tcp transport module.
Oct 20 18:34:06 arlaine kernel: [    0.491844] RPC: Registered tcp NFSv4.1 backchannel transport module.
Oct 20 18:34:06 arlaine kernel: [    0.493325] pci_bus 0000:00: resource 4 [io  0x0000-0x0cf7 window]
Oct 20 18:34:06 arlaine kernel: [    0.495127] pci_bus 0000:00: resource 5 [io  0x0d00-0xffff window]
Oct 20 18:34:06 arlaine kernel: [    0.496518] pci_bus 0000:00: resource 6 [mem 0x000a0000-0x000bffff window]
Oct 20 18:34:06 arlaine kernel: [    0.497516] pci_bus 0000:00: resource 7 [mem 0xe0000000-0xfdffffff window]
Oct 20 18:34:06 arlaine kernel: [    0.499296] pci 0000:00:00.0: Limiting direct PCI/PCI transfers
Oct 20 18:34:06 arlaine kernel: [    0.500548] pci 0000:00:01.0: Activating ISA DMA hang workarounds
Oct 20 18:34:06 arlaine kernel: [    0.501518] pci 0000:00:02.0: Video device with shadowed ROM at [mem 0x000c0000-0x000dffff]
Oct 20 18:34:06 arlaine kernel: [    0.505281] PCI: CLS 0 bytes, default 64
Oct 20 18:34:06 arlaine kernel: [    0.506631] PCI-DMA: Using software bounce buffering for IO (SWIOTLB)
Oct 20 18:34:06 arlaine kernel: [    0.507521] software IO TLB: mapped [mem 0x00000000dbff0000-0x00000000dfff0000] (64MB)
Oct 20 18:34:06 arlaine kernel: [    0.510495] RAPL PMU: API unit is 2^-32 Joules, 0 fixed counters, 10737418240 ms ovfl timer
Oct 20 18:34:06 arlaine kernel: [    0.513264] platform rtc_cmos: registered platform RTC device (no PNP device found)
Oct 20 18:34:06 arlaine kernel: [    0.520546] Initialise system trusted keyrings
Oct 20 18:34:06 arlaine kernel: [    0.521709] workingset: timestamp_bits=56 max_order=20 bucket_order=0
Oct 20 18:34:06 arlaine kernel: [    0.524421] NFS: Registering the id_resolver key type
Oct 20 18:34:06 arlaine kernel: [    0.526084] Key type id_resolver registered
Oct 20 18:34:06 arlaine kernel: [    0.527569] Key type id_legacy registered
Oct 20 18:34:06 arlaine kernel: [    0.536858] Key type asymmetric registered
Oct 20 18:34:06 arlaine kernel: [    0.538606] Asymmetric key parser 'x509' registered
Oct 20 18:34:06 arlaine kernel: [    0.539580] Block layer SCSI generic (bsg) driver version 0.4 loaded (major 251)
Oct 20 18:34:06 arlaine kernel: [    0.541300] clocksource: timekeeping watchdog on CPU0: acpi_pm read-back delay of 301714ns, attempt 4, marking unstable
Oct 20 18:34:06 arlaine kernel: [    0.541302] tsc: Marking TSC unstable due to clocksource watchdog
Oct 20 18:34:06 arlaine kernel: [    0.545088] io scheduler mq-deadline registered
Oct 20 18:34:06 arlaine kernel: [    0.546050] io scheduler kyber registered
Oct 20 18:34:06 arlaine kernel: [    0.579017] clocksource: Switched to clocksource acpi_pm
Oct 20 18:34:06 arlaine kernel: [    0.579751] ACPI: AC: AC Adapter [AC] (on-line)
Oct 20 18:34:06 arlaine kernel: [    0.580007] kwatchdog (69) used greatest stack depth: 14840 bytes left
Oct 20 18:34:06 arlaine kernel: [    0.582672] input: Power Button as /devices/LNXSYSTM:00/LNXPWRBN:00/input/input0
Oct 20 18:34:06 arlaine kernel: [    0.589338] ACPI: button: Power Button [PWRF]
Oct 20 18:34:06 arlaine kernel: [    0.590133] input: Sleep Button as /devices/LNXSYSTM:00/LNXSLPBN:00/input/input1
Oct 20 18:34:06 arlaine kernel: [    0.591695] ACPI: button: Sleep Button [SLPF]
Oct 20 18:34:06 arlaine kernel: [    0.592834] ACPI: video: Video Device [GFX0] (multi-head: yes  rom: no  post: no)
Oct 20 18:34:06 arlaine kernel: [    0.596319] input: Video Bus as /devices/LNXSYSTM:00/LNXSYBUS:00/PNP0A03:00/LNXVIDEO:00/input/input2
Oct 20 18:34:06 arlaine kernel: [    0.601304] Serial: 8250/16550 driver, 4 ports, IRQ sharing enabled
Oct 20 18:34:06 arlaine kernel: [    0.602395] ACPI: battery: Slot [BAT0] (battery present)
Oct 20 18:34:06 arlaine kernel: [    0.607268] Non-volatile memory driver v1.3
Oct 20 18:34:06 arlaine kernel: [    0.608875] Linux agpgart interface v0.103
Oct 20 18:34:06 arlaine kernel: [    0.620643] loop: module loaded
Oct 20 18:34:06 arlaine kernel: [    0.621483] ahci 0000:00:0d.0: version 3.0
Oct 20 18:34:06 arlaine kernel: [    0.622326] ahci 0000:00:0d.0: SSS flag set, parallel bus scan disabled
Oct 20 18:34:06 arlaine kernel: [    0.624523] ahci 0000:00:0d.0: AHCI 0001.0100 32 slots 1 ports 3 Gbps 0x1 impl SATA mode
Oct 20 18:34:06 arlaine kernel: [    0.626111] ahci 0000:00:0d.0: flags: 64bit ncq stag only ccc 
Oct 20 18:34:06 arlaine kernel: [    0.630275] scsi host0: ahci
Oct 20 18:34:06 arlaine kernel: [    0.631161] ata1: SATA max UDMA/133 abar m8192@0xf0806000 port 0xf0806100 irq 21
Oct 20 18:34:06 arlaine kernel: [    0.632771] ata_piix 0000:00:01.1: version 2.13
Oct 20 18:34:06 arlaine kernel: [    0.634719] scsi host1: ata_piix
Oct 20 18:34:06 arlaine kernel: [    0.638131] scsi host2: ata_piix
Oct 20 18:34:06 arlaine kernel: [    0.638891] ata2: PATA max UDMA/33 cmd 0x1f0 ctl 0x3f6 bmdma 0xd000 irq 14
Oct 20 18:34:06 arlaine kernel: [    0.640283] ata3: PATA max UDMA/33 cmd 0x170 ctl 0x376 bmdma 0xd008 irq 15
Oct 20 18:34:06 arlaine kernel: [    0.641836] e100: Intel(R) PRO/100 Network Driver
Oct 20 18:34:06 arlaine kernel: [    0.643809] e100: Copyright(c) 1999-2006 Intel Corporation
Oct 20 18:34:06 arlaine kernel: [    0.645802] e1000: Intel(R) PRO/1000 Network Driver
Oct 20 18:34:06 arlaine kernel: [    0.647112] e1000: Copyright (c) 1999-2006 Intel Corporation.
Oct 20 18:34:06 arlaine kernel: [    0.833408] ata3.00: ATAPI: VBOX CD-ROM, 1.0, max UDMA/133
Oct 20 18:34:06 arlaine kernel: [    0.942252] ata1: SATA link up 3.0 Gbps (SStatus 123 SControl 300)
Oct 20 18:34:06 arlaine kernel: [    0.944677] ata1.00: ATA-6: VBOX HARDDISK, 1.0, max UDMA/133
Oct 20 18:34:06 arlaine kernel: [    0.945619] ata1.00: 83886080 sectors, multi 128: LBA48 NCQ (depth 32)
Oct 20 18:34:06 arlaine kernel: [    0.949430] ata1.00: configured for UDMA/133
Oct 20 18:34:06 arlaine kernel: [    0.951422] scsi 0:0:0:0: Direct-Access     ATA      VBOX HARDDISK    1.0  PQ: 0 ANSI: 5
Oct 20 18:34:06 arlaine kernel: [    0.955728] scsi 0:0:0:0: Attached scsi generic sg0 type 0
Oct 20 18:34:06 arlaine kernel: [    0.956553] sd 0:0:0:0: [sda] 83886080 512-byte logical blocks: (42.9 GB/40.0 GiB)
Oct 20 18:34:06 arlaine kernel: [    0.960634] sd 0:0:0:0: [sda] Write Protect is off
Oct 20 18:34:06 arlaine kernel: [    0.964217] sd 0:0:0:0: [sda] Mode Sense: 00 3a 00 00
Oct 20 18:34:06 arlaine kernel: [    0.964239] scsi 2:0:0:0: CD-ROM            VBOX     CD-ROM           1.0  PQ: 0 ANSI: 5
Oct 20 18:34:06 arlaine kernel: [    0.966919] sd 0:0:0:0: [sda] Write cache: enabled, read cache: enabled, doesn't support DPO or FUA
Oct 20 18:34:06 arlaine kernel: [    0.980618]  sda: sda1 sda2 sda3 sda4 < sda5 sda6 sda7 >
Oct 20 18:34:06 arlaine kernel: [    0.986835] sd 0:0:0:0: [sda] Attached SCSI disk
Oct 20 18:34:06 arlaine kernel: [    1.093002] sr 2:0:0:0: [sr0] scsi3-mmc drive: 32x/32x xa/form2 tray
Oct 20 18:34:06 arlaine kernel: [    1.093953] cdrom: Uniform CD-ROM driver Revision: 3.20
Oct 20 18:34:06 arlaine kernel: [    1.126516] sr 2:0:0:0: Attached scsi CD-ROM sr0
Oct 20 18:34:06 arlaine kernel: [    1.128310] sr 2:0:0:0: Attached scsi generic sg1 type 5
Oct 20 18:34:06 arlaine kernel: [    1.151011] e1000 0000:00:03.0 eth0: (PCI:33MHz:32-bit) 08:00:27:5f:bc:c0
Oct 20 18:34:06 arlaine kernel: [    1.152440] e1000 0000:00:03.0 eth0: Intel(R) PRO/1000 Network Connection
Oct 20 18:34:06 arlaine kernel: [    1.154814] e1000e: Intel(R) PRO/1000 Network Driver
Oct 20 18:34:06 arlaine kernel: [    1.156265] e1000e: Copyright(c) 1999 - 2015 Intel Corporation.
Oct 20 18:34:06 arlaine kernel: [    1.157237] sky2: driver version 1.30
Oct 20 18:34:06 arlaine kernel: [    1.158450] ehci_hcd: USB 2.0 'Enhanced' Host Controller (EHCI) Driver
Oct 20 18:34:06 arlaine kernel: [    1.159777] ehci-pci: EHCI PCI platform driver
Oct 20 18:34:06 arlaine kernel: [    1.160778] ohci_hcd: USB 1.1 'Open' Host Controller (OHCI) Driver
Oct 20 18:34:06 arlaine kernel: [    1.162426] ohci-pci: OHCI PCI platform driver
Oct 20 18:34:06 arlaine kernel: [    1.164524] ohci-pci 0000:00:06.0: OHCI PCI host controller
Oct 20 18:34:06 arlaine kernel: [    1.166528] ohci-pci 0000:00:06.0: new USB bus registered, assigned bus number 1
Oct 20 18:34:06 arlaine kernel: [    1.168327] ohci-pci 0000:00:06.0: irq 22, io mem 0xf0804000
Oct 20 18:34:06 arlaine kernel: [    1.224411] usb usb1: New USB device found, idVendor=1d6b, idProduct=0001, bcdDevice= 5.13
Oct 20 18:34:06 arlaine kernel: [    1.226932] usb usb1: New USB device strings: Mfr=3, Product=2, SerialNumber=1
Oct 20 18:34:06 arlaine kernel: [    1.229089] usb usb1: Product: OHCI PCI host controller
Oct 20 18:34:06 arlaine kernel: [    1.230678] usb usb1: Manufacturer: Linux 5.13.12 ohci_hcd
Oct 20 18:34:06 arlaine kernel: [    1.232373] usb usb1: SerialNumber: 0000:00:06.0
Oct 20 18:34:06 arlaine kernel: [    1.236434] hub 1-0:1.0: USB hub found
Oct 20 18:34:06 arlaine kernel: [    1.237640] hub 1-0:1.0: 12 ports detected
Oct 20 18:34:06 arlaine kernel: [    1.241221] uhci_hcd: USB Universal Host Controller Interface driver
Oct 20 18:34:06 arlaine kernel: [    1.243156] usbcore: registered new interface driver usblp
Oct 20 18:34:06 arlaine kernel: [    1.245775] usbcore: registered new interface driver usb-storage
Oct 20 18:34:06 arlaine kernel: [    1.247516] i8042: PNP: PS/2 Controller [PNP0303:PS2K,PNP0f03:PS2M] at 0x60,0x64 irq 1,12
Oct 20 18:34:06 arlaine kernel: [    1.253545] serio: i8042 KBD port at 0x60,0x64 irq 1
Oct 20 18:34:06 arlaine kernel: [    1.255387] serio: i8042 AUX port at 0x60,0x64 irq 12
Oct 20 18:34:06 arlaine kernel: [    1.262347] rtc_cmos rtc_cmos: registered as rtc0
Oct 20 18:34:06 arlaine kernel: [    1.264723] input: AT Translated Set 2 keyboard as /devices/platform/i8042/serio0/input/input3
Oct 20 18:34:06 arlaine kernel: [    1.265030] rtc_cmos rtc_cmos: alarms up to one day, 114 bytes nvram
Oct 20 18:34:06 arlaine kernel: [    1.270474] device-mapper: ioctl: 4.45.0-ioctl (2021-03-22) initialised: dm-devel@redhat.com
Oct 20 18:34:06 arlaine kernel: [    1.274377] intel_pstate: CPU model not supported
Oct 20 18:34:06 arlaine kernel: [    1.276191] hid: raw HID events driver (C) Jiri Kosina
Oct 20 18:34:06 arlaine kernel: [    1.279270] usbcore: registered new interface driver usbhid
Oct 20 18:34:06 arlaine kernel: [    1.281975] usbhid: USB HID core driver
Oct 20 18:34:06 arlaine kernel: [    1.288711] Initializing XFRM netlink socket
Oct 20 18:34:06 arlaine kernel: [    1.290464] NET: Registered protocol family 10
Oct 20 18:34:06 arlaine kernel: [    1.295839] Segment Routing with IPv6
Oct 20 18:34:06 arlaine kernel: [    1.297822] sit: IPv6, IPv4 and MPLS over IPv4 tunneling driver
Oct 20 18:34:06 arlaine kernel: [    1.298094] NET: Registered protocol family 17
Oct 20 18:34:06 arlaine kernel: [    1.298094] Key type dns_resolver registered
Oct 20 18:34:06 arlaine kernel: [    1.304918] IPI shorthand broadcast: enabled
Oct 20 18:34:06 arlaine kernel: [    1.306874] registered taskstats version 1
Oct 20 18:34:06 arlaine kernel: [    1.308261] Loading compiled-in X.509 certificates
Oct 20 18:34:06 arlaine kernel: [    1.309230] PM:   Magic number: 10:467:595
Oct 20 18:34:06 arlaine kernel: [    1.309230] printk: console [netcon0] enabled
Oct 20 18:34:06 arlaine kernel: [    1.309230] netconsole: network logging started
Oct 20 18:34:06 arlaine kernel: [    1.314271] cfg80211: Loading compiled-in X.509 certificates for regulatory database
Oct 20 18:34:06 arlaine kernel: [    1.317339] kworker/u8:2 (86) used greatest stack depth: 14816 bytes left
Oct 20 18:34:06 arlaine kernel: [    1.321389] cfg80211: Loaded X.509 cert 'sforshee: 00b28ddf47aef9cea7'
Oct 20 18:34:06 arlaine kernel: [    1.323773] platform regulatory.0: Direct firmware load for regulatory.db failed with error -2
Oct 20 18:34:06 arlaine kernel: [    1.326401] Unstable clock detected, switching default tracing clock to "global"
Oct 20 18:34:06 arlaine kernel: [    1.326401] If you want to keep using the local clock, then add:
Oct 20 18:34:06 arlaine kernel: [    1.326401]   "trace_clock=local"
Oct 20 18:34:06 arlaine kernel: [    1.326401] on the kernel command line
Oct 20 18:34:06 arlaine kernel: [    1.327194] cfg80211: failed to load regulatory.db
Oct 20 18:34:06 arlaine kernel: [    1.333297] ALSA device list:
Oct 20 18:34:06 arlaine kernel: [    1.335908]   No soundcards found.
Oct 20 18:34:06 arlaine kernel: [    1.519055] random: fast init done
Oct 20 18:34:06 arlaine kernel: [    1.526790] input: ImExPS/2 Generic Explorer Mouse as /devices/platform/i8042/serio1/input/input5
Oct 20 18:34:06 arlaine kernel: [    1.530222] usb 1-1: new full-speed USB device number 2 using ohci-pci
Oct 20 18:34:06 arlaine kernel: [    1.533671] md: Waiting for all devices to be available before autodetect
Oct 20 18:34:06 arlaine kernel: [    1.535989] md: If you don't use raid, use raid=noautodetect
Oct 20 18:34:06 arlaine kernel: [    1.538803] md: Autodetecting RAID arrays.
Oct 20 18:34:06 arlaine kernel: [    1.539749] md: autorun ...
Oct 20 18:34:06 arlaine kernel: [    1.539749] md: ... autorun DONE.
Oct 20 18:34:06 arlaine kernel: [    1.553414] EXT4-fs (sda7): mounted filesystem with ordered data mode. Opts: (null). Quota mode: none.
Oct 20 18:34:06 arlaine kernel: [    1.554378] VFS: Mounted root (ext4 filesystem) readonly on device 8:7.
Oct 20 18:34:06 arlaine kernel: [    1.560326] devtmpfs: mounted
Oct 20 18:34:06 arlaine kernel: [    1.561731] Freeing unused kernel image (initmem) memory: 1368K
Oct 20 18:34:06 arlaine kernel: [    1.571502] Write protecting the kernel read-only data: 20480k
Oct 20 18:34:06 arlaine kernel: [    1.574403] Freeing unused kernel image (text/rodata gap) memory: 2032K
Oct 20 18:34:06 arlaine kernel: [    1.576909] Freeing unused kernel image (rodata/data gap) memory: 584K
Oct 20 18:34:06 arlaine kernel: [    1.579632] Run /sbin/init as init process
Oct 20 18:34:06 arlaine kernel: [    1.580598]   with arguments:
Oct 20 18:34:06 arlaine kernel: [    1.580598]     /sbin/init
Oct 20 18:34:06 arlaine kernel: [    1.580598]   with environment:
Oct 20 18:34:06 arlaine kernel: [    1.580598]     HOME=/
Oct 20 18:34:06 arlaine kernel: [    1.580598]     TERM=linux
Oct 20 18:34:06 arlaine kernel: [    1.580598]     BOOT_IMAGE=/vmlinuz-5.13.12-lfs-11.0
Oct 20 18:34:06 arlaine kernel: [    1.660901] stty (98) used greatest stack depth: 13344 bytes left
Oct 20 18:34:06 arlaine kernel: [    1.682586] ls (101) used greatest stack depth: 13152 bytes left
Oct 20 18:34:06 arlaine kernel: [    1.759769] usb 1-1: New USB device found, idVendor=80ee, idProduct=0021, bcdDevice= 1.00
Oct 20 18:34:06 arlaine kernel: [    1.761806] usb 1-1: New USB device strings: Mfr=1, Product=3, SerialNumber=0
Oct 20 18:34:06 arlaine kernel: [    1.764088] usb 1-1: Product: USB Tablet
Oct 20 18:34:06 arlaine kernel: [    1.765028] usb 1-1: Manufacturer: VirtualBox
Oct 20 18:34:06 arlaine kernel: [    1.776997] input: VirtualBox USB Tablet as /devices/pci0000:00/0000:00:06.0/usb1/1-1/1-1:1.0/0003:80EE:0021.0001/input/input6
Oct 20 18:34:06 arlaine kernel: [    1.781620] hid-generic 0003:80EE:0021.0001: input,hidraw0: USB HID v1.10 Mouse [VirtualBox USB Tablet] on usb-0000:00:06.0-1/input0
Oct 20 18:34:06 arlaine kernel: [    1.852522] ip (150) used greatest stack depth: 12360 bytes left
Oct 20 18:34:06 arlaine kernel: <30>[    1.925185] udevd[175]: starting version 3.2.10
Oct 20 18:34:06 arlaine kernel: [    1.937391] random: udevd: uninitialized urandom read (16 bytes read)
Oct 20 18:34:06 arlaine kernel: [    1.939609] random: udevd: uninitialized urandom read (16 bytes read)
Oct 20 18:34:06 arlaine kernel: [    1.941848] random: udevd: uninitialized urandom read (16 bytes read)
Oct 20 18:34:06 arlaine kernel: <30>[    1.961856] udevd[176]: starting eudev-3.2.10
Oct 20 18:34:06 arlaine kernel: [    2.085398] e1000 0000:00:03.0 enp0s3: renamed from eth0
Oct 20 18:34:06 arlaine kernel: [    2.988220] Adding 2097148k swap on /dev/sda6.  Priority:1 extents:1 across:2097148k 
Oct 20 18:34:06 arlaine kernel: [    3.022930] EXT4-fs (sda7): re-mounted. Opts: (null). Quota mode: none.
Oct 20 18:34:06 arlaine kernel: [    3.070003] urandom_read: 4 callbacks suppressed
Oct 20 18:34:06 arlaine kernel: [    3.070005] random: udevd: uninitialized urandom read (16 bytes read)
Oct 20 18:34:06 arlaine kernel: [    3.073008] random: udevd: uninitialized urandom read (16 bytes read)
Oct 20 18:34:06 arlaine kernel: [    3.073039] random: udevd: uninitialized urandom read (16 bytes read)
Oct 20 18:34:06 arlaine kernel: [    3.106702] EXT4-fs (sda7): re-mounted. Opts: (null). Quota mode: none.
Oct 20 18:34:06 arlaine kernel: [    3.197638] random: crng init done
Oct 20 18:39:25 arlaine kernel: klogd 1.5.1, log source = /proc/kmsg started.
Oct 20 18:39:25 arlaine kernel: Cannot find map file.
Oct 20 18:39:25 arlaine kernel: Loaded 55683 symbols from 1 module.
Oct 20 18:39:25 arlaine kernel: [    0.000000] Linux version 5.13.12 (root@arlaine) (gcc (GCC) 11.2.0, GNU ld (GNU Binutils) 2.37) #2 SMP Thu Oct 20 19:30:50 CEST 2022
Oct 20 18:39:25 arlaine kernel: [    0.000000] Command line: BOOT_IMAGE=/vmlinuz-5.13.12-lfs-11.0 root=/dev/sda7 ro quiet
Oct 20 18:39:25 arlaine kernel: [    0.000000] x86/fpu: Supporting XSAVE feature 0x001: 'x87 floating point registers'
Oct 20 18:39:25 arlaine kernel: [    0.000000] x86/fpu: Supporting XSAVE feature 0x002: 'SSE registers'
Oct 20 18:39:25 arlaine kernel: [    0.000000] x86/fpu: Supporting XSAVE feature 0x004: 'AVX registers'
Oct 20 18:39:25 arlaine kernel: [    0.000000] x86/fpu: xstate_offset[2]:  576, xstate_sizes[2]:  256
Oct 20 18:39:25 arlaine kernel: [    0.000000] x86/fpu: Enabled xstate features 0x7, context size is 832 bytes, using 'standard' format.
Oct 20 18:39:25 arlaine kernel: [    0.000000] BIOS-provided physical RAM map:
Oct 20 18:39:25 arlaine kernel: [    0.000000] BIOS-e820: [mem 0x0000000000000000-0x000000000009fbff] usable
Oct 20 18:39:25 arlaine kernel: [    0.000000] BIOS-e820: [mem 0x000000000009fc00-0x000000000009ffff] reserved
Oct 20 18:39:25 arlaine kernel: [    0.000000] BIOS-e820: [mem 0x00000000000f0000-0x00000000000fffff] reserved
Oct 20 18:39:25 arlaine kernel: [    0.000000] BIOS-e820: [mem 0x0000000000100000-0x00000000dffeffff] usable
Oct 20 18:39:25 arlaine kernel: [    0.000000] BIOS-e820: [mem 0x00000000dfff0000-0x00000000dfffffff] ACPI data
Oct 20 18:39:25 arlaine kernel: [    0.000000] BIOS-e820: [mem 0x00000000fec00000-0x00000000fec00fff] reserved
Oct 20 18:39:25 arlaine kernel: [    0.000000] BIOS-e820: [mem 0x00000000fee00000-0x00000000fee00fff] reserved
Oct 20 18:39:25 arlaine kernel: [    0.000000] BIOS-e820: [mem 0x00000000fffc0000-0x00000000ffffffff] reserved
Oct 20 18:39:25 arlaine kernel: [    0.000000] BIOS-e820: [mem 0x0000000100000000-0x000000011fffffff] usable
Oct 20 18:39:25 arlaine kernel: [    0.000000] NX (Execute Disable) protection: active
Oct 20 18:39:25 arlaine kernel: [    0.000000] SMBIOS 2.5 present.
Oct 20 18:39:25 arlaine kernel: [    0.000000] DMI: innotek GmbH VirtualBox/VirtualBox, BIOS VirtualBox 12/01/2006
Oct 20 18:39:25 arlaine kernel: [    0.000000] e820: update [mem 0x00000000-0x00000fff] usable ==> reserved
Oct 20 18:39:25 arlaine kernel: [    0.000000] e820: remove [mem 0x000a0000-0x000fffff] usable
Oct 20 18:39:25 arlaine kernel: [    0.000000] last_pfn = 0x120000 max_arch_pfn = 0x400000000
Oct 20 18:39:25 arlaine kernel: [    0.000000] Disabled
Oct 20 18:39:25 arlaine kernel: [    0.000000] x86/PAT: MTRRs disabled, skipping PAT initialization too.
Oct 20 18:39:25 arlaine kernel: [    0.000000] CPU MTRRs all blank - virtualized system.
Oct 20 18:39:25 arlaine kernel: [    0.000000] x86/PAT: Configuration [0-7]: WB  WT  UC- UC  WB  WT  UC- UC  
Oct 20 18:39:25 arlaine kernel: [    0.000000] last_pfn = 0xdfff0 max_arch_pfn = 0x400000000
Oct 20 18:39:25 arlaine kernel: [    0.000000] found SMP MP-table at [mem 0x0009fff0-0x0009ffff]
Oct 20 18:39:25 arlaine kernel: [    0.000000] ACPI: Early table checksum verification disabled
Oct 20 18:39:25 arlaine kernel: [    0.000000] ACPI: RSDP 0x00000000000E0000 000024 (v02 VBOX  )
Oct 20 18:39:25 arlaine kernel: [    0.000000] ACPI: XSDT 0x00000000DFFF0030 00003C (v01 VBOX   VBOXXSDT 00000001 ASL  00000061)
Oct 20 18:39:25 arlaine kernel: [    0.000000] ACPI: FACP 0x00000000DFFF00F0 0000F4 (v04 VBOX   VBOXFACP 00000001 ASL  00000061)
Oct 20 18:39:25 arlaine kernel: [    0.000000] ACPI: DSDT 0x00000000DFFF0620 002353 (v02 VBOX   VBOXBIOS 00000002 INTL 20200528)
Oct 20 18:39:25 arlaine kernel: [    0.000000] ACPI: FACS 0x00000000DFFF0200 000040
Oct 20 18:39:25 arlaine kernel: [    0.000000] ACPI: FACS 0x00000000DFFF0200 000040
Oct 20 18:39:25 arlaine kernel: [    0.000000] ACPI: APIC 0x00000000DFFF0240 00006C (v02 VBOX   VBOXAPIC 00000001 ASL  00000061)
Oct 20 18:39:25 arlaine kernel: [    0.000000] ACPI: SSDT 0x00000000DFFF02B0 00036C (v01 VBOX   VBOXCPUT 00000002 INTL 20200528)
Oct 20 18:39:25 arlaine kernel: [    0.000000] ACPI: Reserving FACP table memory at [mem 0xdfff00f0-0xdfff01e3]
Oct 20 18:39:25 arlaine kernel: [    0.000000] ACPI: Reserving DSDT table memory at [mem 0xdfff0620-0xdfff2972]
Oct 20 18:39:25 arlaine kernel: [    0.000000] ACPI: Reserving FACS table memory at [mem 0xdfff0200-0xdfff023f]
Oct 20 18:39:25 arlaine kernel: [    0.000000] ACPI: Reserving FACS table memory at [mem 0xdfff0200-0xdfff023f]
Oct 20 18:39:25 arlaine kernel: [    0.000000] ACPI: Reserving APIC table memory at [mem 0xdfff0240-0xdfff02ab]
Oct 20 18:39:25 arlaine kernel: [    0.000000] ACPI: Reserving SSDT table memory at [mem 0xdfff02b0-0xdfff061b]
Oct 20 18:39:25 arlaine kernel: [    0.000000] ACPI: Local APIC address 0xfee00000
Oct 20 18:39:25 arlaine kernel: [    0.000000] No NUMA configuration found
Oct 20 18:39:25 arlaine kernel: [    0.000000] Faking a node at [mem 0x0000000000000000-0x000000011fffffff]
Oct 20 18:39:25 arlaine kernel: [    0.000000] NODE_DATA(0) allocated [mem 0x11fff8000-0x11fffbfff]
Oct 20 18:39:25 arlaine kernel: [    0.000000] Zone ranges:
Oct 20 18:39:25 arlaine kernel: [    0.000000]   DMA      [mem 0x0000000000001000-0x0000000000ffffff]
Oct 20 18:39:25 arlaine kernel: [    0.000000]   DMA32    [mem 0x0000000001000000-0x00000000ffffffff]
Oct 20 18:39:25 arlaine kernel: [    0.000000]   Normal   [mem 0x0000000100000000-0x000000011fffffff]
Oct 20 18:39:25 arlaine kernel: [    0.000000] Movable zone start for each node
Oct 20 18:39:25 arlaine kernel: [    0.000000] Early memory node ranges
Oct 20 18:39:25 arlaine kernel: [    0.000000]   node   0: [mem 0x0000000000001000-0x000000000009efff]
Oct 20 18:39:25 arlaine kernel: [    0.000000]   node   0: [mem 0x0000000000100000-0x00000000dffeffff]
Oct 20 18:39:25 arlaine kernel: [    0.000000]   node   0: [mem 0x0000000100000000-0x000000011fffffff]
Oct 20 18:39:25 arlaine kernel: [    0.000000] Initmem setup node 0 [mem 0x0000000000001000-0x000000011fffffff]
Oct 20 18:39:25 arlaine kernel: [    0.000000] On node 0 totalpages: 1048462
Oct 20 18:39:25 arlaine kernel: [    0.000000]   DMA zone: 64 pages used for memmap
Oct 20 18:39:25 arlaine kernel: [    0.000000]   DMA zone: 158 pages reserved
Oct 20 18:39:25 arlaine kernel: [    0.000000]   DMA zone: 3998 pages, LIFO batch:0
Oct 20 18:39:25 arlaine kernel: [    0.000000]   DMA32 zone: 14272 pages used for memmap
Oct 20 18:39:25 arlaine kernel: [    0.000000]   DMA32 zone: 913392 pages, LIFO batch:63
Oct 20 18:39:25 arlaine kernel: [    0.000000]   Normal zone: 2048 pages used for memmap
Oct 20 18:39:25 arlaine kernel: [    0.000000]   Normal zone: 131072 pages, LIFO batch:31
Oct 20 18:39:25 arlaine kernel: [    0.000000] On node 0, zone DMA: 1 pages in unavailable ranges
Oct 20 18:39:25 arlaine kernel: [    0.000000] On node 0, zone DMA: 97 pages in unavailable ranges
Oct 20 18:39:25 arlaine kernel: [    0.000000] On node 0, zone Normal: 16 pages in unavailable ranges
Oct 20 18:39:25 arlaine kernel: [    0.000000] ACPI: PM-Timer IO Port: 0x4008
Oct 20 18:39:25 arlaine kernel: [    0.000000] ACPI: Local APIC address 0xfee00000
Oct 20 18:39:25 arlaine kernel: [    0.000000] IOAPIC[0]: apic_id 4, version 32, address 0xfec00000, GSI 0-23
Oct 20 18:39:25 arlaine kernel: [    0.000000] ACPI: INT_SRC_OVR (bus 0 bus_irq 0 global_irq 2 dfl dfl)
Oct 20 18:39:25 arlaine kernel: [    0.000000] ACPI: INT_SRC_OVR (bus 0 bus_irq 9 global_irq 9 low level)
Oct 20 18:39:25 arlaine kernel: [    0.000000] ACPI: IRQ0 used by override.
Oct 20 18:39:25 arlaine kernel: [    0.000000] ACPI: IRQ9 used by override.
Oct 20 18:39:25 arlaine kernel: [    0.000000] Using ACPI (MADT) for SMP configuration information
Oct 20 18:39:25 arlaine kernel: [    0.000000] smpboot: Allowing 4 CPUs, 0 hotplug CPUs
Oct 20 18:39:25 arlaine kernel: [    0.000000] PM: hibernation: Registered nosave memory: [mem 0x00000000-0x00000fff]
Oct 20 18:39:25 arlaine kernel: [    0.000000] PM: hibernation: Registered nosave memory: [mem 0x0009f000-0x0009ffff]
Oct 20 18:39:25 arlaine kernel: [    0.000000] PM: hibernation: Registered nosave memory: [mem 0x000a0000-0x000effff]
Oct 20 18:39:25 arlaine kernel: [    0.000000] PM: hibernation: Registered nosave memory: [mem 0x000f0000-0x000fffff]
Oct 20 18:39:25 arlaine kernel: [    0.000000] PM: hibernation: Registered nosave memory: [mem 0xdfff0000-0xdfffffff]
Oct 20 18:39:25 arlaine kernel: [    0.000000] PM: hibernation: Registered nosave memory: [mem 0xe0000000-0xfebfffff]
Oct 20 18:39:25 arlaine kernel: [    0.000000] PM: hibernation: Registered nosave memory: [mem 0xfec00000-0xfec00fff]
Oct 20 18:39:25 arlaine kernel: [    0.000000] PM: hibernation: Registered nosave memory: [mem 0xfec01000-0xfedfffff]
Oct 20 18:39:25 arlaine kernel: [    0.000000] PM: hibernation: Registered nosave memory: [mem 0xfee00000-0xfee00fff]
Oct 20 18:39:25 arlaine kernel: [    0.000000] PM: hibernation: Registered nosave memory: [mem 0xfee01000-0xfffbffff]
Oct 20 18:39:25 arlaine kernel: [    0.000000] PM: hibernation: Registered nosave memory: [mem 0xfffc0000-0xffffffff]
Oct 20 18:39:25 arlaine kernel: [    0.000000] [mem 0xe0000000-0xfebfffff] available for PCI devices
Oct 20 18:39:25 arlaine kernel: [    0.000000] clocksource: refined-jiffies: mask: 0xffffffff max_cycles: 0xffffffff, max_idle_ns: 1910969940391419 ns
Oct 20 18:39:25 arlaine kernel: [    0.000000] setup_percpu: NR_CPUS:64 nr_cpumask_bits:64 nr_cpu_ids:4 nr_node_ids:1
Oct 20 18:39:25 arlaine kernel: [    0.000000] percpu: Embedded 52 pages/cpu s174104 r8192 d30696 u524288
Oct 20 18:39:25 arlaine kernel: [    0.000000] pcpu-alloc: s174104 r8192 d30696 u524288 alloc=1*2097152
Oct 20 18:39:25 arlaine kernel: [    0.000000] pcpu-alloc: [0] 0 1 2 3 
Oct 20 18:39:25 arlaine kernel: [    0.000000] Built 1 zonelists, mobility grouping on.  Total pages: 1031920
Oct 20 18:39:25 arlaine kernel: [    0.000000] Policy zone: Normal
Oct 20 18:39:25 arlaine kernel: [    0.000000] Kernel command line: BOOT_IMAGE=/vmlinuz-5.13.12-lfs-11.0 root=/dev/sda7 ro quiet
Oct 20 18:39:25 arlaine kernel: [    0.000000] Dentry cache hash table entries: 524288 (order: 10, 4194304 bytes, linear)
Oct 20 18:39:25 arlaine kernel: [    0.000000] Inode-cache hash table entries: 262144 (order: 9, 2097152 bytes, linear)
Oct 20 18:39:25 arlaine kernel: [    0.000000] mem auto-init: stack:off, heap alloc:off, heap free:off
Oct 20 18:39:25 arlaine kernel: [    0.000000] Memory: 4023268K/4193848K available (14349K kernel code, 2559K rwdata, 3512K rodata, 1368K init, 1560K bss, 170320K reserved, 0K cma-reserved)
Oct 20 18:39:25 arlaine kernel: [    0.000000] SLUB: HWalign=64, Order=0-3, MinObjects=0, CPUs=4, Nodes=1
Oct 20 18:39:25 arlaine kernel: [    0.000000] Kernel/User page tables isolation: enabled
Oct 20 18:39:25 arlaine kernel: [    0.000000] rcu: Hierarchical RCU implementation.
Oct 20 18:39:25 arlaine kernel: [    0.000000] rcu: ^IRCU event tracing is enabled.
Oct 20 18:39:25 arlaine kernel: [    0.000000] rcu: ^IRCU restricting CPUs from NR_CPUS=64 to nr_cpu_ids=4.
Oct 20 18:39:25 arlaine kernel: [    0.000000] rcu: RCU calculated value of scheduler-enlistment delay is 100 jiffies.
Oct 20 18:39:25 arlaine kernel: [    0.000000] rcu: Adjusting geometry for rcu_fanout_leaf=16, nr_cpu_ids=4
Oct 20 18:39:25 arlaine kernel: [    0.000000] NR_IRQS: 4352, nr_irqs: 456, preallocated irqs: 16
Oct 20 18:39:25 arlaine kernel: [    0.000000] random: get_random_bytes called from start_kernel+0x373/0x53e with crng_init=0
Oct 20 18:39:25 arlaine kernel: [    0.000000] Console: colour VGA+ 80x25
Oct 20 18:39:25 arlaine kernel: [    0.000000] printk: console [tty0] enabled
Oct 20 18:39:25 arlaine kernel: [    0.000000] ACPI: Core revision 20210331
Oct 20 18:39:25 arlaine kernel: [    0.000000] APIC: Switch to symmetric I/O mode setup
Oct 20 18:39:25 arlaine kernel: [    0.000000] ..TIMER: vector=0x30 apic1=0 pin1=2 apic2=-1 pin2=-1
Oct 20 18:39:25 arlaine kernel: [    0.009000] tsc: Unable to calibrate against PIT
Oct 20 18:39:25 arlaine kernel: [    0.009000] tsc: using PMTIMER reference calibration
Oct 20 18:39:25 arlaine kernel: [    0.009000] tsc: Detected 2925.488 MHz processor
Oct 20 18:39:25 arlaine kernel: [    0.000003] clocksource: tsc-early: mask: 0xffffffffffffffff max_cycles: 0x2a2b509adcf, max_idle_ns: 440795332837 ns
Oct 20 18:39:25 arlaine kernel: [    0.000006] Calibrating delay loop (skipped), value calculated using timer frequency.. 5850.97 BogoMIPS (lpj=2925488)
Oct 20 18:39:25 arlaine kernel: [    0.000008] pid_max: default: 32768 minimum: 301
Oct 20 18:39:25 arlaine kernel: [    0.000022] LSM: Security Framework initializing
Oct 20 18:39:25 arlaine kernel: [    0.000026] SELinux:  Initializing.
Oct 20 18:39:25 arlaine kernel: [    0.000041] Mount-cache hash table entries: 8192 (order: 4, 65536 bytes, linear)
Oct 20 18:39:25 arlaine kernel: [    0.000046] Mountpoint-cache hash table entries: 8192 (order: 4, 65536 bytes, linear)
Oct 20 18:39:25 arlaine kernel: [    0.001541] Last level iTLB entries: 4KB 64, 2MB 8, 4MB 8
Oct 20 18:39:25 arlaine kernel: [    0.001542] Last level dTLB entries: 4KB 64, 2MB 0, 4MB 0, 1GB 4
Oct 20 18:39:25 arlaine kernel: [    0.001556] Spectre V1 : Mitigation: usercopy/swapgs barriers and __user pointer sanitization
Oct 20 18:39:25 arlaine kernel: [    0.001557] Spectre V2 : Mitigation: Full generic retpoline
Oct 20 18:39:25 arlaine kernel: [    0.001558] Spectre V2 : Spectre v2 / SpectreRSB mitigation: Filling RSB on context switch
Oct 20 18:39:25 arlaine kernel: [    0.001558] Speculative Store Bypass: Vulnerable
Oct 20 18:39:25 arlaine kernel: [    0.001572] SRBDS: Unknown: Dependent on hypervisor status
Oct 20 18:39:25 arlaine kernel: [    0.001572] MDS: Mitigation: Clear CPU buffers
Oct 20 18:39:25 arlaine kernel: [    0.002550] Freeing SMP alternatives memory: 40K
Oct 20 18:39:25 arlaine kernel: [    0.105230] smpboot: CPU0: Intel(R) Core(TM) i9-8950HK CPU @ 2.90GHz (family: 0x6, model: 0x9e, stepping: 0xa)
Oct 20 18:39:25 arlaine kernel: [    0.105295] Performance Events: unsupported p6 CPU model 158 no PMU driver, software events only.
Oct 20 18:39:25 arlaine kernel: [    0.105363] rcu: Hierarchical SRCU implementation.
Oct 20 18:39:25 arlaine kernel: [    0.105520] smp: Bringing up secondary CPUs ...
Oct 20 18:39:25 arlaine kernel: [    0.105557] x86: Booting SMP configuration:
Oct 20 18:39:25 arlaine kernel: [    0.105557] .... node  #0, CPUs:      #1 #2 #3
Oct 20 18:39:25 arlaine kernel: [    0.114310] smp: Brought up 1 node, 4 CPUs
Oct 20 18:39:25 arlaine kernel: [    0.114314] smpboot: Max logical packages: 1
Oct 20 18:39:25 arlaine kernel: [    0.114315] smpboot: Total of 4 processors activated (23403.90 BogoMIPS)
Oct 20 18:39:25 arlaine kernel: [    0.114711] devtmpfs: initialized
Oct 20 18:39:25 arlaine kernel: [    0.115111] clocksource: jiffies: mask: 0xffffffff max_cycles: 0xffffffff, max_idle_ns: 1911260446275000 ns
Oct 20 18:39:25 arlaine kernel: [    0.115114] futex hash table entries: 1024 (order: 4, 65536 bytes, linear)
Oct 20 18:39:25 arlaine kernel: [    0.115439] PM: RTC time: 18:39:22, date: 2022-10-20
Oct 20 18:39:25 arlaine kernel: [    0.116080] NET: Registered protocol family 16
Oct 20 18:39:25 arlaine kernel: [    0.116122] audit: initializing netlink subsys (disabled)
Oct 20 18:39:25 arlaine kernel: [    0.116185] audit: type=2000 audit(1666291162.125:1): state=initialized audit_enabled=0 res=1
Oct 20 18:39:25 arlaine kernel: [    0.116185] thermal_sys: Registered thermal governor 'step_wise'
Oct 20 18:39:25 arlaine kernel: [    0.116185] thermal_sys: Registered thermal governor 'user_space'
Oct 20 18:39:25 arlaine kernel: [    0.116193] cpuidle: using governor menu
Oct 20 18:39:25 arlaine kernel: [    0.116193] ACPI: bus type PCI registered
Oct 20 18:39:25 arlaine kernel: [    0.116258] PCI: Using configuration type 1 for base access
Oct 20 18:39:25 arlaine kernel: [    0.117005] Kprobes globally optimized
Oct 20 18:39:25 arlaine kernel: [    0.117190] HugeTLB registered 2.00 MiB page size, pre-allocated 0 pages
Oct 20 18:39:25 arlaine kernel: [    0.117190] cryptomgr_test (36) used greatest stack depth: 15232 bytes left
Oct 20 18:39:25 arlaine kernel: [    0.118075] cryptomgr_test (38) used greatest stack depth: 15168 bytes left
Oct 20 18:39:25 arlaine kernel: [    0.120101] ACPI: Added _OSI(Module Device)
Oct 20 18:39:25 arlaine kernel: [    0.120102] ACPI: Added _OSI(Processor Device)
Oct 20 18:39:25 arlaine kernel: [    0.120103] ACPI: Added _OSI(3.0 _SCP Extensions)
Oct 20 18:39:25 arlaine kernel: [    0.120103] ACPI: Added _OSI(Processor Aggregator Device)
Oct 20 18:39:25 arlaine kernel: [    0.120104] ACPI: Added _OSI(Linux-Dell-Video)
Oct 20 18:39:25 arlaine kernel: [    0.120105] ACPI: Added _OSI(Linux-Lenovo-NV-HDMI-Audio)
Oct 20 18:39:25 arlaine kernel: [    0.120106] ACPI: Added _OSI(Linux-HPI-Hybrid-Graphics)
Oct 20 18:39:25 arlaine kernel: [    0.120965] ACPI: 2 ACPI AML tables successfully acquired and loaded
Oct 20 18:39:25 arlaine kernel: [    0.122005] ACPI: Interpreter enabled
Oct 20 18:39:25 arlaine kernel: [    0.122005] ACPI: (supports S0 S5)
Oct 20 18:39:25 arlaine kernel: [    0.122005] ACPI: Using IOAPIC for interrupt routing
Oct 20 18:39:25 arlaine kernel: [    0.122005] PCI: Using host bridge windows from ACPI; if necessary, use "pci=nocrs" and report a bug
Oct 20 18:39:25 arlaine kernel: [    0.122005] ACPI: Enabled 2 GPEs in block 00 to 07
Oct 20 18:39:25 arlaine kernel: [    0.125005] ACPI: PCI Root Bridge [PCI0] (domain 0000 [bus 00-ff])
Oct 20 18:39:25 arlaine kernel: [    0.125005] acpi PNP0A03:00: _OSC: OS supports [ASPM ClockPM Segments MSI HPX-Type3]
Oct 20 18:39:25 arlaine kernel: [    0.125005] acpi PNP0A03:00: _OSC: not requesting OS control; OS requires [ExtendedConfig ASPM ClockPM MSI]
Oct 20 18:39:25 arlaine kernel: [    0.125005] acpi PNP0A03:00: fail to add MMCONFIG information, can't access extended PCI configuration space under this bridge.
Oct 20 18:39:25 arlaine kernel: [    0.125005] PCI host bridge to bus 0000:00
Oct 20 18:39:25 arlaine kernel: [    0.125005] pci_bus 0000:00: root bus resource [io  0x0000-0x0cf7 window]
Oct 20 18:39:25 arlaine kernel: [    0.125005] pci_bus 0000:00: root bus resource [io  0x0d00-0xffff window]
Oct 20 18:39:25 arlaine kernel: [    0.125005] pci_bus 0000:00: root bus resource [mem 0x000a0000-0x000bffff window]
Oct 20 18:39:25 arlaine kernel: [    0.125005] pci_bus 0000:00: root bus resource [mem 0xe0000000-0xfdffffff window]
Oct 20 18:39:25 arlaine kernel: [    0.125005] pci_bus 0000:00: root bus resource [bus 00-ff]
Oct 20 18:39:25 arlaine kernel: [    0.125005] pci 0000:00:00.0: [8086:1237] type 00 class 0x060000
Oct 20 18:39:25 arlaine kernel: [    0.126008] pci 0000:00:01.0: [8086:7000] type 00 class 0x060100
Oct 20 18:39:25 arlaine kernel: [    0.127192] pci 0000:00:01.1: [8086:7111] type 00 class 0x01018a
Oct 20 18:39:25 arlaine kernel: [    0.128005] pci 0000:00:01.1: reg 0x20: [io  0xd000-0xd00f]
Oct 20 18:39:25 arlaine kernel: [    0.128005] pci 0000:00:01.1: legacy IDE quirk: reg 0x10: [io  0x01f0-0x01f7]
Oct 20 18:39:25 arlaine kernel: [    0.128005] pci 0000:00:01.1: legacy IDE quirk: reg 0x14: [io  0x03f6]
Oct 20 18:39:25 arlaine kernel: [    0.128005] pci 0000:00:01.1: legacy IDE quirk: reg 0x18: [io  0x0170-0x0177]
Oct 20 18:39:25 arlaine kernel: [    0.128005] pci 0000:00:01.1: legacy IDE quirk: reg 0x1c: [io  0x0376]
Oct 20 18:39:25 arlaine kernel: [    0.129005] pci 0000:00:02.0: [15ad:0405] type 00 class 0x030000
Oct 20 18:39:25 arlaine kernel: [    0.130010] pci 0000:00:02.0: reg 0x10: [io  0xd010-0xd01f]
Oct 20 18:39:25 arlaine kernel: [    0.132011] pci 0000:00:02.0: reg 0x14: [mem 0xe0000000-0xe0ffffff pref]
Oct 20 18:39:25 arlaine kernel: [    0.135022] pci 0000:00:02.0: reg 0x18: [mem 0xf0000000-0xf01fffff]
Oct 20 18:39:25 arlaine kernel: [    0.153226] pci 0000:00:03.0: [8086:100e] type 00 class 0x020000
Oct 20 18:39:25 arlaine kernel: [    0.155187] pci 0000:00:03.0: reg 0x10: [mem 0xf0200000-0xf021ffff]
Oct 20 18:39:25 arlaine kernel: [    0.161063] pci 0000:00:03.0: reg 0x18: [io  0xd020-0xd027]
Oct 20 18:39:25 arlaine kernel: [    0.171256] pci 0000:00:04.0: [80ee:cafe] type 00 class 0x088000
Oct 20 18:39:25 arlaine kernel: [    0.172485] pci 0000:00:04.0: reg 0x10: [io  0xd040-0xd05f]
Oct 20 18:39:25 arlaine kernel: [    0.174136] pci 0000:00:04.0: reg 0x14: [mem 0xf0400000-0xf07fffff]
Oct 20 18:39:25 arlaine kernel: [    0.175135] pci 0000:00:04.0: reg 0x18: [mem 0xf0800000-0xf0803fff pref]
Oct 20 18:39:25 arlaine kernel: [    0.180237] pci 0000:00:05.0: [8086:2415] type 00 class 0x040100
Oct 20 18:39:25 arlaine kernel: [    0.181084] pci 0000:00:05.0: reg 0x10: [io  0xd100-0xd1ff]
Oct 20 18:39:25 arlaine kernel: [    0.181262] pci 0000:00:05.0: reg 0x14: [io  0xd200-0xd23f]
Oct 20 18:39:25 arlaine kernel: [    0.185160] pci 0000:00:06.0: [106b:003f] type 00 class 0x0c0310
Oct 20 18:39:25 arlaine kernel: [    0.187039] pci 0000:00:06.0: reg 0x10: [mem 0xf0804000-0xf0804fff]
Oct 20 18:39:25 arlaine kernel: [    0.197228] pci 0000:00:07.0: [8086:7113] type 00 class 0x068000
Oct 20 18:39:25 arlaine kernel: [    0.200084] pci 0000:00:07.0: quirk: [io  0x4000-0x403f] claimed by PIIX4 ACPI
Oct 20 18:39:25 arlaine kernel: [    0.200112] pci 0000:00:07.0: quirk: [io  0x4100-0x410f] claimed by PIIX4 SMB
Oct 20 18:39:25 arlaine kernel: [    0.202178] pci 0000:00:0d.0: [8086:2829] type 00 class 0x010601
Oct 20 18:39:25 arlaine kernel: [    0.204257] pci 0000:00:0d.0: reg 0x10: [io  0xd240-0xd247]
Oct 20 18:39:25 arlaine kernel: [    0.207061] pci 0000:00:0d.0: reg 0x14: [io  0xd248-0xd24b]
Oct 20 18:39:25 arlaine kernel: [    0.208005] pci 0000:00:0d.0: reg 0x18: [io  0xd250-0xd257]
Oct 20 18:39:25 arlaine kernel: [    0.210218] pci 0000:00:0d.0: reg 0x1c: [io  0xd258-0xd25b]
Oct 20 18:39:25 arlaine kernel: [    0.212007] pci 0000:00:0d.0: reg 0x20: [io  0xd260-0xd26f]
Oct 20 18:39:25 arlaine kernel: [    0.214062] pci 0000:00:0d.0: reg 0x24: [mem 0xf0806000-0xf0807fff]
Oct 20 18:39:25 arlaine kernel: [    0.222347] ACPI: PCI: Interrupt link LNKA configured for IRQ 11
Oct 20 18:39:25 arlaine kernel: [    0.223202] ACPI: PCI: Interrupt link LNKB configured for IRQ 10
Oct 20 18:39:25 arlaine kernel: [    0.223339] ACPI: PCI: Interrupt link LNKC configured for IRQ 9
Oct 20 18:39:25 arlaine kernel: [    0.223480] ACPI: PCI: Interrupt link LNKD configured for IRQ 11
Oct 20 18:39:25 arlaine kernel: [    0.224098] iommu: Default domain type: Translated 
Oct 20 18:39:25 arlaine kernel: [    0.224263] pci 0000:00:02.0: vgaarb: setting as boot VGA device
Oct 20 18:39:25 arlaine kernel: [    0.224279] pci 0000:00:02.0: vgaarb: VGA device added: decodes=io+mem,owns=io+mem,locks=none
Oct 20 18:39:25 arlaine kernel: [    0.225009] pci 0000:00:02.0: vgaarb: bridge control possible
Oct 20 18:39:25 arlaine kernel: [    0.225010] vgaarb: loaded
Oct 20 18:39:25 arlaine kernel: [    0.225063] SCSI subsystem initialized
Oct 20 18:39:25 arlaine kernel: [    0.226060] libata version 3.00 loaded.
Oct 20 18:39:25 arlaine kernel: [    0.226080] ACPI: bus type USB registered
Oct 20 18:39:25 arlaine kernel: [    0.226089] usbcore: registered new interface driver usbfs
Oct 20 18:39:25 arlaine kernel: [    0.226094] usbcore: registered new interface driver hub
Oct 20 18:39:25 arlaine kernel: [    0.226097] usbcore: registered new device driver usb
Oct 20 18:39:25 arlaine kernel: [    0.226104] pps_core: LinuxPPS API ver. 1 registered
Oct 20 18:39:25 arlaine kernel: [    0.226105] pps_core: Software ver. 5.3.6 - Copyright 2005-2007 Rodolfo Giometti <giometti@linux.it>
Oct 20 18:39:25 arlaine kernel: [    0.226107] PTP clock support registered
Oct 20 18:39:25 arlaine kernel: [    0.226168] Advanced Linux Sound Architecture Driver Initialized.
Oct 20 18:39:25 arlaine kernel: [    0.227098] NetLabel: Initializing
Oct 20 18:39:25 arlaine kernel: [    0.227098] NetLabel:  domain hash size = 128
Oct 20 18:39:25 arlaine kernel: [    0.227099] NetLabel:  protocols = UNLABELED CIPSOv4 CALIPSO
Oct 20 18:39:25 arlaine kernel: [    0.227110] NetLabel:  unlabeled traffic allowed by default
Oct 20 18:39:25 arlaine kernel: [    0.227163] PCI: Using ACPI for IRQ routing
Oct 20 18:39:25 arlaine kernel: [    0.227163] PCI: pci_cache_line_size set to 64 bytes
Oct 20 18:39:25 arlaine kernel: [    0.228247] e820: reserve RAM buffer [mem 0x0009fc00-0x0009ffff]
Oct 20 18:39:25 arlaine kernel: [    0.228249] e820: reserve RAM buffer [mem 0xdfff0000-0xdfffffff]
Oct 20 18:39:25 arlaine kernel: [    0.228603] clocksource: Switched to clocksource tsc-early
Oct 20 18:39:25 arlaine kernel: [    0.233752] VFS: Disk quotas dquot_6.6.0
Oct 20 18:39:25 arlaine kernel: [    0.233760] VFS: Dquot-cache hash table entries: 512 (order 0, 4096 bytes)
Oct 20 18:39:25 arlaine kernel: [    0.233782] pnp: PnP ACPI init
Oct 20 18:39:25 arlaine kernel: [    0.233844] pnp 00:00: Plug and Play ACPI device, IDs PNP0303 (active)
Oct 20 18:39:25 arlaine kernel: [    0.313914] pnp 00:01: Plug and Play ACPI device, IDs PNP0f03 (active)
Oct 20 18:39:25 arlaine kernel: [    0.316133] pnp: PnP ACPI: found 2 devices
Oct 20 18:39:25 arlaine kernel: [    0.335390] clocksource: acpi_pm: mask: 0xffffff max_cycles: 0xffffff, max_idle_ns: 2085701024 ns
Oct 20 18:39:25 arlaine kernel: [    0.335425] NET: Registered protocol family 2
Oct 20 18:39:25 arlaine kernel: [    0.335462] IP idents hash table entries: 65536 (order: 7, 524288 bytes, linear)
Oct 20 18:39:25 arlaine kernel: [    0.335765] tcp_listen_portaddr_hash hash table entries: 2048 (order: 3, 32768 bytes, linear)
Oct 20 18:39:25 arlaine kernel: [    0.335769] TCP established hash table entries: 32768 (order: 6, 262144 bytes, linear)
Oct 20 18:39:25 arlaine kernel: [    0.335788] TCP bind hash table entries: 32768 (order: 7, 524288 bytes, linear)
Oct 20 18:39:25 arlaine kernel: [    0.335820] TCP: Hash tables configured (established 32768 bind 32768)
Oct 20 18:39:25 arlaine kernel: [    0.335834] UDP hash table entries: 2048 (order: 4, 65536 bytes, linear)
Oct 20 18:39:25 arlaine kernel: [    0.335840] UDP-Lite hash table entries: 2048 (order: 4, 65536 bytes, linear)
Oct 20 18:39:25 arlaine kernel: [    0.335860] NET: Registered protocol family 1
Oct 20 18:39:25 arlaine kernel: [    0.338085] RPC: Registered named UNIX socket transport module.
Oct 20 18:39:25 arlaine kernel: [    0.338087] RPC: Registered udp transport module.
Oct 20 18:39:25 arlaine kernel: [    0.338087] RPC: Registered tcp transport module.
Oct 20 18:39:25 arlaine kernel: [    0.338088] RPC: Registered tcp NFSv4.1 backchannel transport module.
Oct 20 18:39:25 arlaine kernel: [    0.338367] pci_bus 0000:00: resource 4 [io  0x0000-0x0cf7 window]
Oct 20 18:39:25 arlaine kernel: [    0.338369] pci_bus 0000:00: resource 5 [io  0x0d00-0xffff window]
Oct 20 18:39:25 arlaine kernel: [    0.338370] pci_bus 0000:00: resource 6 [mem 0x000a0000-0x000bffff window]
Oct 20 18:39:25 arlaine kernel: [    0.338371] pci_bus 0000:00: resource 7 [mem 0xe0000000-0xfdffffff window]
Oct 20 18:39:25 arlaine kernel: [    0.338414] pci 0000:00:00.0: Limiting direct PCI/PCI transfers
Oct 20 18:39:25 arlaine kernel: [    0.338442] pci 0000:00:01.0: Activating ISA DMA hang workarounds
Oct 20 18:39:25 arlaine kernel: [    0.338566] pci 0000:00:02.0: Video device with shadowed ROM at [mem 0x000c0000-0x000dffff]
Oct 20 18:39:25 arlaine kernel: [    0.339302] PCI: CLS 0 bytes, default 64
Oct 20 18:39:25 arlaine kernel: [    0.339302] PCI-DMA: Using software bounce buffering for IO (SWIOTLB)
Oct 20 18:39:25 arlaine kernel: [    0.339302] software IO TLB: mapped [mem 0x00000000dbff0000-0x00000000dfff0000] (64MB)
Oct 20 18:39:25 arlaine kernel: [    0.340621] RAPL PMU: API unit is 2^-32 Joules, 0 fixed counters, 10737418240 ms ovfl timer
Oct 20 18:39:25 arlaine kernel: [    0.341183] platform rtc_cmos: registered platform RTC device (no PNP device found)
Oct 20 18:39:25 arlaine kernel: [    0.343445] Initialise system trusted keyrings
Oct 20 18:39:25 arlaine kernel: [    0.343712] workingset: timestamp_bits=56 max_order=20 bucket_order=0
Oct 20 18:39:25 arlaine kernel: [    0.344802] NFS: Registering the id_resolver key type
Oct 20 18:39:25 arlaine kernel: [    0.344807] Key type id_resolver registered
Oct 20 18:39:25 arlaine kernel: [    0.344807] Key type id_legacy registered
Oct 20 18:39:25 arlaine kernel: [    0.353443] Key type asymmetric registered
Oct 20 18:39:25 arlaine kernel: [    0.353445] Asymmetric key parser 'x509' registered
Oct 20 18:39:25 arlaine kernel: [    0.353451] Block layer SCSI generic (bsg) driver version 0.4 loaded (major 251)
Oct 20 18:39:25 arlaine kernel: [    0.353451] io scheduler mq-deadline registered
Oct 20 18:39:25 arlaine kernel: [    0.353453] io scheduler kyber registered
Oct 20 18:39:25 arlaine kernel: [    0.354330] ACPI: AC: AC Adapter [AC] (on-line)
Oct 20 18:39:25 arlaine kernel: [    0.354358] input: Power Button as /devices/LNXSYSTM:00/LNXPWRBN:00/input/input0
Oct 20 18:39:25 arlaine kernel: [    0.354596] ACPI: button: Power Button [PWRF]
Oct 20 18:39:25 arlaine kernel: [    0.354666] input: Sleep Button as /devices/LNXSYSTM:00/LNXSLPBN:00/input/input1
Oct 20 18:39:25 arlaine kernel: [    0.354676] ACPI: button: Sleep Button [SLPF]
Oct 20 18:39:25 arlaine kernel: [    0.354757] ACPI: video: Video Device [GFX0] (multi-head: yes  rom: no  post: no)
Oct 20 18:39:25 arlaine kernel: [    0.354784] input: Video Bus as /devices/LNXSYSTM:00/LNXSYBUS:00/PNP0A03:00/LNXVIDEO:00/input/input2
Oct 20 18:39:25 arlaine kernel: [    0.355393] Serial: 8250/16550 driver, 4 ports, IRQ sharing enabled
Oct 20 18:39:25 arlaine kernel: [    0.356244] ACPI: battery: Slot [BAT0] (battery present)
Oct 20 18:39:25 arlaine kernel: [    0.356770] Non-volatile memory driver v1.3
Oct 20 18:39:25 arlaine kernel: [    0.356916] Linux agpgart interface v0.103
Oct 20 18:39:25 arlaine kernel: [    0.359790] loop: module loaded
Oct 20 18:39:25 arlaine kernel: [    0.359818] ahci 0000:00:0d.0: version 3.0
Oct 20 18:39:25 arlaine kernel: [    0.360551] ahci 0000:00:0d.0: SSS flag set, parallel bus scan disabled
Oct 20 18:39:25 arlaine kernel: [    0.360919] ahci 0000:00:0d.0: AHCI 0001.0100 32 slots 1 ports 3 Gbps 0x1 impl SATA mode
Oct 20 18:39:25 arlaine kernel: [    0.360922] ahci 0000:00:0d.0: flags: 64bit ncq stag only ccc 
Oct 20 18:39:25 arlaine kernel: [    0.361896] scsi host0: ahci
Oct 20 18:39:25 arlaine kernel: [    0.361961] ata1: SATA max UDMA/133 abar m8192@0xf0806000 port 0xf0806100 irq 21
Oct 20 18:39:25 arlaine kernel: [    0.362031] ata_piix 0000:00:01.1: version 2.13
Oct 20 18:39:25 arlaine kernel: [    0.363323] scsi host1: ata_piix
Oct 20 18:39:25 arlaine kernel: [    0.363881] scsi host2: ata_piix
Oct 20 18:39:25 arlaine kernel: [    0.363907] ata2: PATA max UDMA/33 cmd 0x1f0 ctl 0x3f6 bmdma 0xd000 irq 14
Oct 20 18:39:25 arlaine kernel: [    0.363908] ata3: PATA max UDMA/33 cmd 0x170 ctl 0x376 bmdma 0xd008 irq 15
Oct 20 18:39:25 arlaine kernel: [    0.364057] e100: Intel(R) PRO/100 Network Driver
Oct 20 18:39:25 arlaine kernel: [    0.364058] e100: Copyright(c) 1999-2006 Intel Corporation
Oct 20 18:39:25 arlaine kernel: [    0.364067] e1000: Intel(R) PRO/1000 Network Driver
Oct 20 18:39:25 arlaine kernel: [    0.364068] e1000: Copyright (c) 1999-2006 Intel Corporation.
Oct 20 18:39:25 arlaine kernel: [    0.497545] clocksource: timekeeping watchdog on CPU0: acpi_pm retried 2 times before success
Oct 20 18:39:25 arlaine kernel: [    0.552294] ata3.00: ATAPI: VBOX CD-ROM, 1.0, max UDMA/133
Oct 20 18:39:25 arlaine kernel: [    0.668759] ata1: SATA link up 3.0 Gbps (SStatus 123 SControl 300)
Oct 20 18:39:25 arlaine kernel: [    0.669005] ata1.00: ATA-6: VBOX HARDDISK, 1.0, max UDMA/133
Oct 20 18:39:25 arlaine kernel: [    0.669007] ata1.00: 83886080 sectors, multi 128: LBA48 NCQ (depth 32)
Oct 20 18:39:25 arlaine kernel: [    0.669354] ata1.00: configured for UDMA/133
Oct 20 18:39:25 arlaine kernel: [    0.669496] scsi 0:0:0:0: Direct-Access     ATA      VBOX HARDDISK    1.0  PQ: 0 ANSI: 5
Oct 20 18:39:25 arlaine kernel: [    0.669852] scsi 0:0:0:0: Attached scsi generic sg0 type 0
Oct 20 18:39:25 arlaine kernel: [    0.670230] sd 0:0:0:0: [sda] 83886080 512-byte logical blocks: (42.9 GB/40.0 GiB)
Oct 20 18:39:25 arlaine kernel: [    0.670241] sd 0:0:0:0: [sda] Write Protect is off
Oct 20 18:39:25 arlaine kernel: [    0.670243] sd 0:0:0:0: [sda] Mode Sense: 00 3a 00 00
Oct 20 18:39:25 arlaine kernel: [    0.670250] sd 0:0:0:0: [sda] Write cache: enabled, read cache: enabled, doesn't support DPO or FUA
Oct 20 18:39:25 arlaine kernel: [    0.672875] scsi 2:0:0:0: CD-ROM            VBOX     CD-ROM           1.0  PQ: 0 ANSI: 5
Oct 20 18:39:25 arlaine kernel: [    0.677354]  sda: sda1 sda2 sda3 sda4 < sda5 sda6 sda7 >
Oct 20 18:39:25 arlaine kernel: [    0.677743] sd 0:0:0:0: [sda] Attached SCSI disk
Oct 20 18:39:25 arlaine kernel: [    0.809645] sr 2:0:0:0: [sr0] scsi3-mmc drive: 32x/32x xa/form2 tray
Oct 20 18:39:25 arlaine kernel: [    0.809648] cdrom: Uniform CD-ROM driver Revision: 3.20
Oct 20 18:39:25 arlaine kernel: [    0.825793] sr 2:0:0:0: Attached scsi CD-ROM sr0
Oct 20 18:39:25 arlaine kernel: [    0.825833] sr 2:0:0:0: Attached scsi generic sg1 type 5
Oct 20 18:39:25 arlaine kernel: [    0.843804] e1000 0000:00:03.0 eth0: (PCI:33MHz:32-bit) 08:00:27:5f:bc:c0
Oct 20 18:39:25 arlaine kernel: [    0.843810] e1000 0000:00:03.0 eth0: Intel(R) PRO/1000 Network Connection
Oct 20 18:39:25 arlaine kernel: [    0.843828] e1000e: Intel(R) PRO/1000 Network Driver
Oct 20 18:39:25 arlaine kernel: [    0.843829] e1000e: Copyright(c) 1999 - 2015 Intel Corporation.
Oct 20 18:39:25 arlaine kernel: [    0.843836] sky2: driver version 1.30
Oct 20 18:39:25 arlaine kernel: [    0.844174] ehci_hcd: USB 2.0 'Enhanced' Host Controller (EHCI) Driver
Oct 20 18:39:25 arlaine kernel: [    0.844176] ehci-pci: EHCI PCI platform driver
Oct 20 18:39:25 arlaine kernel: [    0.844183] ohci_hcd: USB 1.1 'Open' Host Controller (OHCI) Driver
Oct 20 18:39:25 arlaine kernel: [    0.844186] ohci-pci: OHCI PCI platform driver
Oct 20 18:39:25 arlaine kernel: [    0.844916] ohci-pci 0000:00:06.0: OHCI PCI host controller
Oct 20 18:39:25 arlaine kernel: [    0.845083] ohci-pci 0000:00:06.0: new USB bus registered, assigned bus number 1
Oct 20 18:39:25 arlaine kernel: [    0.845922] ohci-pci 0000:00:06.0: irq 22, io mem 0xf0804000
Oct 20 18:39:25 arlaine kernel: [    0.897907] usb usb1: New USB device found, idVendor=1d6b, idProduct=0001, bcdDevice= 5.13
Oct 20 18:39:25 arlaine kernel: [    0.897907] usb usb1: New USB device strings: Mfr=3, Product=2, SerialNumber=1
Oct 20 18:39:25 arlaine kernel: [    0.897907] usb usb1: Product: OHCI PCI host controller
Oct 20 18:39:25 arlaine kernel: [    0.897907] usb usb1: Manufacturer: Linux 5.13.12 ohci_hcd
Oct 20 18:39:25 arlaine kernel: [    0.897907] usb usb1: SerialNumber: 0000:00:06.0
Oct 20 18:39:25 arlaine kernel: [    0.898690] hub 1-0:1.0: USB hub found
Oct 20 18:39:25 arlaine kernel: [    0.898786] hub 1-0:1.0: 12 ports detected
Oct 20 18:39:25 arlaine kernel: [    0.899760] uhci_hcd: USB Universal Host Controller Interface driver
Oct 20 18:39:25 arlaine kernel: [    0.899760] usbcore: registered new interface driver usblp
Oct 20 18:39:25 arlaine kernel: [    0.899760] usbcore: registered new interface driver usb-storage
Oct 20 18:39:25 arlaine kernel: [    0.899760] i8042: PNP: PS/2 Controller [PNP0303:PS2K,PNP0f03:PS2M] at 0x60,0x64 irq 1,12
Oct 20 18:39:25 arlaine kernel: [    0.902492] serio: i8042 KBD port at 0x60,0x64 irq 1
Oct 20 18:39:25 arlaine kernel: [    0.902497] serio: i8042 AUX port at 0x60,0x64 irq 12
Oct 20 18:39:25 arlaine kernel: [    0.906632] input: AT Translated Set 2 keyboard as /devices/platform/i8042/serio0/input/input3
Oct 20 18:39:25 arlaine kernel: [    0.906867] rtc_cmos rtc_cmos: registered as rtc0
Oct 20 18:39:25 arlaine kernel: [    0.906877] rtc_cmos rtc_cmos: alarms up to one day, 114 bytes nvram
Oct 20 18:39:25 arlaine kernel: [    0.907675] device-mapper: ioctl: 4.45.0-ioctl (2021-03-22) initialised: dm-devel@redhat.com
Oct 20 18:39:25 arlaine kernel: [    0.907685] intel_pstate: CPU model not supported
Oct 20 18:39:25 arlaine kernel: [    0.907701] hid: raw HID events driver (C) Jiri Kosina
Oct 20 18:39:25 arlaine kernel: [    0.907873] usbcore: registered new interface driver usbhid
Oct 20 18:39:25 arlaine kernel: [    0.907874] usbhid: USB HID core driver
Oct 20 18:39:25 arlaine kernel: [    0.909721] Initializing XFRM netlink socket
Oct 20 18:39:25 arlaine kernel: [    0.909849] NET: Registered protocol family 10
Oct 20 18:39:25 arlaine kernel: [    0.910669] Segment Routing with IPv6
Oct 20 18:39:25 arlaine kernel: [    0.911445] sit: IPv6, IPv4 and MPLS over IPv4 tunneling driver
Oct 20 18:39:25 arlaine kernel: [    0.911585] NET: Registered protocol family 17
Oct 20 18:39:25 arlaine kernel: [    0.911607] Key type dns_resolver registered
Oct 20 18:39:25 arlaine kernel: [    0.912427] IPI shorthand broadcast: enabled
Oct 20 18:39:25 arlaine kernel: [    0.912449] sched_clock: Marking stable (921380625, -8994110)->(937366462, -24979947)
Oct 20 18:39:25 arlaine kernel: [    0.913054] registered taskstats version 1
Oct 20 18:39:25 arlaine kernel: [    0.913056] Loading compiled-in X.509 certificates
Oct 20 18:39:25 arlaine kernel: [    0.913638] PM:   Magic number: 10:570:696
Oct 20 18:39:25 arlaine kernel: [    0.913681] printk: console [netcon0] enabled
Oct 20 18:39:25 arlaine kernel: [    0.913683] netconsole: network logging started
Oct 20 18:39:25 arlaine kernel: [    0.914163] cfg80211: Loading compiled-in X.509 certificates for regulatory database
Oct 20 18:39:25 arlaine kernel: [    0.914486] kworker/u8:2 (85) used greatest stack depth: 14312 bytes left
Oct 20 18:39:25 arlaine kernel: [    0.916166] cfg80211: Loaded X.509 cert 'sforshee: 00b28ddf47aef9cea7'
Oct 20 18:39:25 arlaine kernel: [    0.916170] ALSA device list:
Oct 20 18:39:25 arlaine kernel: [    0.916171]   No soundcards found.
Oct 20 18:39:25 arlaine kernel: [    0.916192] platform regulatory.0: Direct firmware load for regulatory.db failed with error -2
Oct 20 18:39:25 arlaine kernel: [    0.916193] cfg80211: failed to load regulatory.db
Oct 20 18:39:25 arlaine kernel: [    1.129710] random: fast init done
Oct 20 18:39:25 arlaine kernel: [    1.131643] input: ImExPS/2 Generic Explorer Mouse as /devices/platform/i8042/serio1/input/input5
Oct 20 18:39:25 arlaine kernel: [    1.132992] md: Waiting for all devices to be available before autodetect
Oct 20 18:39:25 arlaine kernel: [    1.132993] md: If you don't use raid, use raid=noautodetect
Oct 20 18:39:25 arlaine kernel: [    1.132994] md: Autodetecting RAID arrays.
Oct 20 18:39:25 arlaine kernel: [    1.132995] md: autorun ...
Oct 20 18:39:25 arlaine kernel: [    1.132996] md: ... autorun DONE.
Oct 20 18:39:25 arlaine kernel: [    1.140005] EXT4-fs (sda7): mounted filesystem with ordered data mode. Opts: (null). Quota mode: none.
Oct 20 18:39:25 arlaine kernel: [    1.140023] VFS: Mounted root (ext4 filesystem) readonly on device 8:7.
Oct 20 18:39:25 arlaine kernel: [    1.141233] devtmpfs: mounted
Oct 20 18:39:25 arlaine kernel: [    1.141641] Freeing unused kernel image (initmem) memory: 1368K
Oct 20 18:39:25 arlaine kernel: [    1.146478] Write protecting the kernel read-only data: 20480k
Oct 20 18:39:25 arlaine kernel: [    1.147446] Freeing unused kernel image (text/rodata gap) memory: 2032K
Oct 20 18:39:25 arlaine kernel: [    1.147984] Freeing unused kernel image (rodata/data gap) memory: 584K
Oct 20 18:39:25 arlaine kernel: [    1.148106] Run /sbin/init as init process
Oct 20 18:39:25 arlaine kernel: [    1.148107]   with arguments:
Oct 20 18:39:25 arlaine kernel: [    1.148108]     /sbin/init
Oct 20 18:39:25 arlaine kernel: [    1.148108]   with environment:
Oct 20 18:39:25 arlaine kernel: [    1.148109]     HOME=/
Oct 20 18:39:25 arlaine kernel: [    1.148109]     TERM=linux
Oct 20 18:39:25 arlaine kernel: [    1.148110]     BOOT_IMAGE=/vmlinuz-5.13.12-lfs-11.0
Oct 20 18:39:25 arlaine kernel: [    1.180217] usb 1-1: new full-speed USB device number 2 using ohci-pci
Oct 20 18:39:25 arlaine kernel: [    1.211182] stty (95) used greatest stack depth: 13344 bytes left
Oct 20 18:39:25 arlaine kernel: [    1.358223] ip (149) used greatest stack depth: 12360 bytes left
Oct 20 18:39:25 arlaine kernel: [    1.408465] usb 1-1: New USB device found, idVendor=80ee, idProduct=0021, bcdDevice= 1.00
Oct 20 18:39:25 arlaine kernel: [    1.411292] usb 1-1: New USB device strings: Mfr=1, Product=3, SerialNumber=0
Oct 20 18:39:25 arlaine kernel: [    1.415131] usb 1-1: Product: USB Tablet
Oct 20 18:39:25 arlaine kernel: [    1.416291] usb 1-1: Manufacturer: VirtualBox
Oct 20 18:39:25 arlaine kernel: <30>[    1.427565] udevd[174]: starting version 3.2.10
Oct 20 18:39:25 arlaine kernel: [    1.429231] input: VirtualBox USB Tablet as /devices/pci0000:00/0000:00:06.0/usb1/1-1/1-1:1.0/0003:80EE:0021.0001/input/input6
Oct 20 18:39:25 arlaine kernel: [    1.433315] hid-generic 0003:80EE:0021.0001: input,hidraw0: USB HID v1.10 Mouse [VirtualBox USB Tablet] on usb-0000:00:06.0-1/input0
Oct 20 18:39:25 arlaine kernel: [    1.446944] random: udevd: uninitialized urandom read (16 bytes read)
Oct 20 18:39:25 arlaine kernel: [    1.450240] random: udevd: uninitialized urandom read (16 bytes read)
Oct 20 18:39:25 arlaine kernel: [    1.453029] random: udevd: uninitialized urandom read (16 bytes read)
Oct 20 18:39:25 arlaine kernel: <30>[    1.470062] udevd[175]: starting eudev-3.2.10
Oct 20 18:39:25 arlaine kernel: [    1.503998] clocksource: timekeeping watchdog on CPU2: acpi_pm read-back delay of 243885ns, attempt 4, marking unstable
Oct 20 18:39:25 arlaine kernel: [    1.507480] tsc: Marking TSC unstable due to clocksource watchdog
Oct 20 18:39:25 arlaine kernel: [    1.510928] TSC found unstable after boot, most likely due to broken BIOS. Use 'tsc=unstable'.
Oct 20 18:39:25 arlaine kernel: [    1.513931] sched_clock: Marking unstable (1519922119, -8994124)<-(1535907902, -24979947)
Oct 20 18:39:25 arlaine kernel: [    1.535886] clocksource: Switched to clocksource acpi_pm
Oct 20 18:39:25 arlaine kernel: [    1.536849] e1000 0000:00:03.0 enp0s3: renamed from eth0
Oct 20 18:39:25 arlaine kernel: [    2.189235] Adding 2097148k swap on /dev/sda6.  Priority:1 extents:1 across:2097148k 
Oct 20 18:39:25 arlaine kernel: [    2.229602] EXT4-fs (sda7): re-mounted. Opts: (null). Quota mode: none.
Oct 20 18:39:25 arlaine kernel: [    2.316829] EXT4-fs (sda7): re-mounted. Opts: (null). Quota mode: none.
Oct 20 18:39:25 arlaine kernel: [    2.637787] random: crng init done
Oct 20 18:39:25 arlaine kernel: [    2.640158] random: 4 urandom warning(s) missed due to ratelimiting
Oct 20 18:53:12 arlaine kernel: Kernel logging (proc) stopped.
Oct 20 18:53:12 arlaine kernel: Kernel log daemon terminating.
Oct 20 21:00:36 arlaine kernel: klogd 1.5.1, log source = /proc/kmsg started.
Oct 20 21:00:36 arlaine kernel: Cannot find map file.
Oct 20 21:00:36 arlaine kernel: Loaded 55683 symbols from 1 module.
Oct 20 21:00:36 arlaine kernel: [    0.000000] Linux version 5.13.12 (root@arlaine) (gcc (GCC) 11.2.0, GNU ld (GNU Binutils) 2.37) #2 SMP Thu Oct 20 19:30:50 CEST 2022
Oct 20 21:00:36 arlaine kernel: [    0.000000] Command line: BOOT_IMAGE=/vmlinuz-5.13.12-lfs-11.0 root=/dev/sda7 ro quiet
Oct 20 21:00:36 arlaine kernel: [    0.000000] x86/fpu: Supporting XSAVE feature 0x001: 'x87 floating point registers'
Oct 20 21:00:36 arlaine kernel: [    0.000000] x86/fpu: Supporting XSAVE feature 0x002: 'SSE registers'
Oct 20 21:00:36 arlaine kernel: [    0.000000] x86/fpu: Supporting XSAVE feature 0x004: 'AVX registers'
Oct 20 21:00:36 arlaine kernel: [    0.000000] x86/fpu: xstate_offset[2]:  576, xstate_sizes[2]:  256
Oct 20 21:00:36 arlaine kernel: [    0.000000] x86/fpu: Enabled xstate features 0x7, context size is 832 bytes, using 'standard' format.
Oct 20 21:00:36 arlaine kernel: [    0.000000] BIOS-provided physical RAM map:
Oct 20 21:00:36 arlaine kernel: [    0.000000] BIOS-e820: [mem 0x0000000000000000-0x000000000009fbff] usable
Oct 20 21:00:36 arlaine kernel: [    0.000000] BIOS-e820: [mem 0x000000000009fc00-0x000000000009ffff] reserved
Oct 20 21:00:36 arlaine kernel: [    0.000000] BIOS-e820: [mem 0x00000000000f0000-0x00000000000fffff] reserved
Oct 20 21:00:36 arlaine kernel: [    0.000000] BIOS-e820: [mem 0x0000000000100000-0x00000000dffeffff] usable
Oct 20 21:00:36 arlaine kernel: [    0.000000] BIOS-e820: [mem 0x00000000dfff0000-0x00000000dfffffff] ACPI data
Oct 20 21:00:36 arlaine kernel: [    0.000000] BIOS-e820: [mem 0x00000000fec00000-0x00000000fec00fff] reserved
Oct 20 21:00:36 arlaine kernel: [    0.000000] BIOS-e820: [mem 0x00000000fee00000-0x00000000fee00fff] reserved
Oct 20 21:00:36 arlaine kernel: [    0.000000] BIOS-e820: [mem 0x00000000fffc0000-0x00000000ffffffff] reserved
Oct 20 21:00:36 arlaine kernel: [    0.000000] BIOS-e820: [mem 0x0000000100000000-0x000000011fffffff] usable
Oct 20 21:00:36 arlaine kernel: [    0.000000] NX (Execute Disable) protection: active
Oct 20 21:00:36 arlaine kernel: [    0.000000] SMBIOS 2.5 present.
Oct 20 21:00:36 arlaine kernel: [    0.000000] DMI: innotek GmbH VirtualBox/VirtualBox, BIOS VirtualBox 12/01/2006
Oct 20 21:00:36 arlaine kernel: [    0.000000] e820: update [mem 0x00000000-0x00000fff] usable ==> reserved
Oct 20 21:00:36 arlaine kernel: [    0.000000] e820: remove [mem 0x000a0000-0x000fffff] usable
Oct 20 21:00:36 arlaine kernel: [    0.000000] last_pfn = 0x120000 max_arch_pfn = 0x400000000
Oct 20 21:00:36 arlaine kernel: [    0.000000] Disabled
Oct 20 21:00:36 arlaine kernel: [    0.000000] x86/PAT: MTRRs disabled, skipping PAT initialization too.
Oct 20 21:00:36 arlaine kernel: [    0.000000] CPU MTRRs all blank - virtualized system.
Oct 20 21:00:36 arlaine kernel: [    0.000000] x86/PAT: Configuration [0-7]: WB  WT  UC- UC  WB  WT  UC- UC  
Oct 20 21:00:36 arlaine kernel: [    0.000000] last_pfn = 0xdfff0 max_arch_pfn = 0x400000000
Oct 20 21:00:36 arlaine kernel: [    0.000000] found SMP MP-table at [mem 0x0009fff0-0x0009ffff]
Oct 20 21:00:36 arlaine kernel: [    0.000000] ACPI: Early table checksum verification disabled
Oct 20 21:00:36 arlaine kernel: [    0.000000] ACPI: RSDP 0x00000000000E0000 000024 (v02 VBOX  )
Oct 20 21:00:36 arlaine kernel: [    0.000000] ACPI: XSDT 0x00000000DFFF0030 00003C (v01 VBOX   VBOXXSDT 00000001 ASL  00000061)
Oct 20 21:00:36 arlaine kernel: [    0.000000] ACPI: FACP 0x00000000DFFF00F0 0000F4 (v04 VBOX   VBOXFACP 00000001 ASL  00000061)
Oct 20 21:00:36 arlaine kernel: [    0.000000] ACPI: DSDT 0x00000000DFFF0620 002353 (v02 VBOX   VBOXBIOS 00000002 INTL 20200528)
Oct 20 21:00:36 arlaine kernel: [    0.000000] ACPI: FACS 0x00000000DFFF0200 000040
Oct 20 21:00:36 arlaine kernel: [    0.000000] ACPI: FACS 0x00000000DFFF0200 000040
Oct 20 21:00:36 arlaine kernel: [    0.000000] ACPI: APIC 0x00000000DFFF0240 00006C (v02 VBOX   VBOXAPIC 00000001 ASL  00000061)
Oct 20 21:00:36 arlaine kernel: [    0.000000] ACPI: SSDT 0x00000000DFFF02B0 00036C (v01 VBOX   VBOXCPUT 00000002 INTL 20200528)
Oct 20 21:00:36 arlaine kernel: [    0.000000] ACPI: Reserving FACP table memory at [mem 0xdfff00f0-0xdfff01e3]
Oct 20 21:00:36 arlaine kernel: [    0.000000] ACPI: Reserving DSDT table memory at [mem 0xdfff0620-0xdfff2972]
Oct 20 21:00:36 arlaine kernel: [    0.000000] ACPI: Reserving FACS table memory at [mem 0xdfff0200-0xdfff023f]
Oct 20 21:00:36 arlaine kernel: [    0.000000] ACPI: Reserving FACS table memory at [mem 0xdfff0200-0xdfff023f]
Oct 20 21:00:36 arlaine kernel: [    0.000000] ACPI: Reserving APIC table memory at [mem 0xdfff0240-0xdfff02ab]
Oct 20 21:00:36 arlaine kernel: [    0.000000] ACPI: Reserving SSDT table memory at [mem 0xdfff02b0-0xdfff061b]
Oct 20 21:00:36 arlaine kernel: [    0.000000] ACPI: Local APIC address 0xfee00000
Oct 20 21:00:36 arlaine kernel: [    0.000000] No NUMA configuration found
Oct 20 21:00:36 arlaine kernel: [    0.000000] Faking a node at [mem 0x0000000000000000-0x000000011fffffff]
Oct 20 21:00:36 arlaine kernel: [    0.000000] NODE_DATA(0) allocated [mem 0x11fff8000-0x11fffbfff]
Oct 20 21:00:36 arlaine kernel: [    0.000000] Zone ranges:
Oct 20 21:00:36 arlaine kernel: [    0.000000]   DMA      [mem 0x0000000000001000-0x0000000000ffffff]
Oct 20 21:00:36 arlaine kernel: [    0.000000]   DMA32    [mem 0x0000000001000000-0x00000000ffffffff]
Oct 20 21:00:36 arlaine kernel: [    0.000000]   Normal   [mem 0x0000000100000000-0x000000011fffffff]
Oct 20 21:00:36 arlaine kernel: [    0.000000] Movable zone start for each node
Oct 20 21:00:36 arlaine kernel: [    0.000000] Early memory node ranges
Oct 20 21:00:36 arlaine kernel: [    0.000000]   node   0: [mem 0x0000000000001000-0x000000000009efff]
Oct 20 21:00:36 arlaine kernel: [    0.000000]   node   0: [mem 0x0000000000100000-0x00000000dffeffff]
Oct 20 21:00:36 arlaine kernel: [    0.000000]   node   0: [mem 0x0000000100000000-0x000000011fffffff]
Oct 20 21:00:36 arlaine kernel: [    0.000000] Initmem setup node 0 [mem 0x0000000000001000-0x000000011fffffff]
Oct 20 21:00:36 arlaine kernel: [    0.000000] On node 0 totalpages: 1048462
Oct 20 21:00:36 arlaine kernel: [    0.000000]   DMA zone: 64 pages used for memmap
Oct 20 21:00:36 arlaine kernel: [    0.000000]   DMA zone: 158 pages reserved
Oct 20 21:00:36 arlaine kernel: [    0.000000]   DMA zone: 3998 pages, LIFO batch:0
Oct 20 21:00:36 arlaine kernel: [    0.000000]   DMA32 zone: 14272 pages used for memmap
Oct 20 21:00:36 arlaine kernel: [    0.000000]   DMA32 zone: 913392 pages, LIFO batch:63
Oct 20 21:00:36 arlaine kernel: [    0.000000]   Normal zone: 2048 pages used for memmap
Oct 20 21:00:36 arlaine kernel: [    0.000000]   Normal zone: 131072 pages, LIFO batch:31
Oct 20 21:00:36 arlaine kernel: [    0.000000] On node 0, zone DMA: 1 pages in unavailable ranges
Oct 20 21:00:36 arlaine kernel: [    0.000000] On node 0, zone DMA: 97 pages in unavailable ranges
Oct 20 21:00:36 arlaine kernel: [    0.000000] On node 0, zone Normal: 16 pages in unavailable ranges
Oct 20 21:00:36 arlaine kernel: [    0.000000] ACPI: PM-Timer IO Port: 0x4008
Oct 20 21:00:36 arlaine kernel: [    0.000000] ACPI: Local APIC address 0xfee00000
Oct 20 21:00:36 arlaine kernel: [    0.000000] IOAPIC[0]: apic_id 4, version 32, address 0xfec00000, GSI 0-23
Oct 20 21:00:36 arlaine kernel: [    0.000000] ACPI: INT_SRC_OVR (bus 0 bus_irq 0 global_irq 2 dfl dfl)
Oct 20 21:00:36 arlaine kernel: [    0.000000] ACPI: INT_SRC_OVR (bus 0 bus_irq 9 global_irq 9 low level)
Oct 20 21:00:36 arlaine kernel: [    0.000000] ACPI: IRQ0 used by override.
Oct 20 21:00:36 arlaine kernel: [    0.000000] ACPI: IRQ9 used by override.
Oct 20 21:00:36 arlaine kernel: [    0.000000] Using ACPI (MADT) for SMP configuration information
Oct 20 21:00:36 arlaine kernel: [    0.000000] smpboot: Allowing 4 CPUs, 0 hotplug CPUs
Oct 20 21:00:36 arlaine kernel: [    0.000000] PM: hibernation: Registered nosave memory: [mem 0x00000000-0x00000fff]
Oct 20 21:00:36 arlaine kernel: [    0.000000] PM: hibernation: Registered nosave memory: [mem 0x0009f000-0x0009ffff]
Oct 20 21:00:36 arlaine kernel: [    0.000000] PM: hibernation: Registered nosave memory: [mem 0x000a0000-0x000effff]
Oct 20 21:00:36 arlaine kernel: [    0.000000] PM: hibernation: Registered nosave memory: [mem 0x000f0000-0x000fffff]
Oct 20 21:00:36 arlaine kernel: [    0.000000] PM: hibernation: Registered nosave memory: [mem 0xdfff0000-0xdfffffff]
Oct 20 21:00:36 arlaine kernel: [    0.000000] PM: hibernation: Registered nosave memory: [mem 0xe0000000-0xfebfffff]
Oct 20 21:00:36 arlaine kernel: [    0.000000] PM: hibernation: Registered nosave memory: [mem 0xfec00000-0xfec00fff]
Oct 20 21:00:36 arlaine kernel: [    0.000000] PM: hibernation: Registered nosave memory: [mem 0xfec01000-0xfedfffff]
Oct 20 21:00:36 arlaine kernel: [    0.000000] PM: hibernation: Registered nosave memory: [mem 0xfee00000-0xfee00fff]
Oct 20 21:00:36 arlaine kernel: [    0.000000] PM: hibernation: Registered nosave memory: [mem 0xfee01000-0xfffbffff]
Oct 20 21:00:36 arlaine kernel: [    0.000000] PM: hibernation: Registered nosave memory: [mem 0xfffc0000-0xffffffff]
Oct 20 21:00:36 arlaine kernel: [    0.000000] [mem 0xe0000000-0xfebfffff] available for PCI devices
Oct 20 21:00:36 arlaine kernel: [    0.000000] clocksource: refined-jiffies: mask: 0xffffffff max_cycles: 0xffffffff, max_idle_ns: 1910969940391419 ns
Oct 20 21:00:36 arlaine kernel: [    0.000000] setup_percpu: NR_CPUS:64 nr_cpumask_bits:64 nr_cpu_ids:4 nr_node_ids:1
Oct 20 21:00:36 arlaine kernel: [    0.000000] percpu: Embedded 52 pages/cpu s174104 r8192 d30696 u524288
Oct 20 21:00:36 arlaine kernel: [    0.000000] pcpu-alloc: s174104 r8192 d30696 u524288 alloc=1*2097152
Oct 20 21:00:36 arlaine kernel: [    0.000000] pcpu-alloc: [0] 0 1 2 3 
Oct 20 21:00:36 arlaine kernel: [    0.000000] Built 1 zonelists, mobility grouping on.  Total pages: 1031920
Oct 20 21:00:36 arlaine kernel: [    0.000000] Policy zone: Normal
Oct 20 21:00:36 arlaine kernel: [    0.000000] Kernel command line: BOOT_IMAGE=/vmlinuz-5.13.12-lfs-11.0 root=/dev/sda7 ro quiet
Oct 20 21:00:36 arlaine kernel: [    0.000000] Dentry cache hash table entries: 524288 (order: 10, 4194304 bytes, linear)
Oct 20 21:00:36 arlaine kernel: [    0.000000] Inode-cache hash table entries: 262144 (order: 9, 2097152 bytes, linear)
Oct 20 21:00:36 arlaine kernel: [    0.000000] mem auto-init: stack:off, heap alloc:off, heap free:off
Oct 20 21:00:36 arlaine kernel: [    0.000000] Memory: 4023268K/4193848K available (14349K kernel code, 2559K rwdata, 3512K rodata, 1368K init, 1560K bss, 170320K reserved, 0K cma-reserved)
Oct 20 21:00:36 arlaine kernel: [    0.000000] SLUB: HWalign=64, Order=0-3, MinObjects=0, CPUs=4, Nodes=1
Oct 20 21:00:36 arlaine kernel: [    0.000000] Kernel/User page tables isolation: enabled
Oct 20 21:00:36 arlaine kernel: [    0.000000] rcu: Hierarchical RCU implementation.
Oct 20 21:00:36 arlaine kernel: [    0.000000] rcu: ^IRCU event tracing is enabled.
Oct 20 21:00:36 arlaine kernel: [    0.000000] rcu: ^IRCU restricting CPUs from NR_CPUS=64 to nr_cpu_ids=4.
Oct 20 21:00:36 arlaine kernel: [    0.000000] rcu: RCU calculated value of scheduler-enlistment delay is 100 jiffies.
Oct 20 21:00:36 arlaine kernel: [    0.000000] rcu: Adjusting geometry for rcu_fanout_leaf=16, nr_cpu_ids=4
Oct 20 21:00:36 arlaine kernel: [    0.000000] NR_IRQS: 4352, nr_irqs: 456, preallocated irqs: 16
Oct 20 21:00:36 arlaine kernel: [    0.000000] random: get_random_bytes called from start_kernel+0x373/0x53e with crng_init=0
Oct 20 21:00:36 arlaine kernel: [    0.000000] Console: colour VGA+ 80x25
Oct 20 21:00:36 arlaine kernel: [    0.000000] printk: console [tty0] enabled
Oct 20 21:00:36 arlaine kernel: [    0.000000] ACPI: Core revision 20210331
Oct 20 21:00:36 arlaine kernel: [    0.000000] APIC: Switch to symmetric I/O mode setup
Oct 20 21:00:36 arlaine kernel: [    0.000000] ..TIMER: vector=0x30 apic1=0 pin1=2 apic2=-1 pin2=-1
Oct 20 21:00:36 arlaine kernel: [    0.009000] tsc: Unable to calibrate against PIT
Oct 20 21:00:36 arlaine kernel: [    0.009000] tsc: HPET/PMTIMER calibration failed
Oct 20 21:00:36 arlaine kernel: [    0.009000] tsc: Marking TSC unstable due to could not calculate TSC khz
Oct 20 21:00:36 arlaine kernel: [    0.009000] Calibrating delay loop... 8929.28 BogoMIPS (lpj=4464640)
Oct 20 21:00:36 arlaine kernel: [    0.013000] pid_max: default: 32768 minimum: 301
Oct 20 21:00:36 arlaine kernel: [    0.013000] LSM: Security Framework initializing
Oct 20 21:00:36 arlaine kernel: [    0.013000] SELinux:  Initializing.
Oct 20 21:00:36 arlaine kernel: [    0.013000] Mount-cache hash table entries: 8192 (order: 4, 65536 bytes, linear)
Oct 20 21:00:36 arlaine kernel: [    0.013000] Mountpoint-cache hash table entries: 8192 (order: 4, 65536 bytes, linear)
Oct 20 21:00:36 arlaine kernel: [    0.014000] Last level iTLB entries: 4KB 64, 2MB 8, 4MB 8
Oct 20 21:00:36 arlaine kernel: [    0.014000] Last level dTLB entries: 4KB 64, 2MB 0, 4MB 0, 1GB 4
Oct 20 21:00:36 arlaine kernel: [    0.014000] Spectre V1 : Mitigation: usercopy/swapgs barriers and __user pointer sanitization
Oct 20 21:00:36 arlaine kernel: [    0.014000] Spectre V2 : Mitigation: Full generic retpoline
